Archive member included to satisfy reference by file (symbol)

c:/st/stm32cubeide_1.7.0/stm32cubeide/plugins/com.st.stm32cube.ide.mcu.externaltools.gnu-tools-for-stm32.9-2020-q2-update.win32_2.0.0.202105311346/tools/bin/../lib/gcc/arm-none-eabi/9.3.1/../../../../arm-none-eabi/lib/thumb/v7e-m+fp/hard\libc_nano.a(lib_a-errno.o)
                              ./Core/Src/syscalls.o (__errno)
c:/st/stm32cubeide_1.7.0/stm32cubeide/plugins/com.st.stm32cube.ide.mcu.externaltools.gnu-tools-for-stm32.9-2020-q2-update.win32_2.0.0.202105311346/tools/bin/../lib/gcc/arm-none-eabi/9.3.1/../../../../arm-none-eabi/lib/thumb/v7e-m+fp/hard\libc_nano.a(lib_a-exit.o)
                              c:/st/stm32cubeide_1.7.0/stm32cubeide/plugins/com.st.stm32cube.ide.mcu.externaltools.gnu-tools-for-stm32.9-2020-q2-update.win32_2.0.0.202105311346/tools/bin/../lib/gcc/arm-none-eabi/9.3.1/../../../../arm-none-eabi/lib/thumb/v7e-m+fp/hard/crt0.o (exit)
c:/st/stm32cubeide_1.7.0/stm32cubeide/plugins/com.st.stm32cube.ide.mcu.externaltools.gnu-tools-for-stm32.9-2020-q2-update.win32_2.0.0.202105311346/tools/bin/../lib/gcc/arm-none-eabi/9.3.1/../../../../arm-none-eabi/lib/thumb/v7e-m+fp/hard\libc_nano.a(lib_a-findfp.o)
                              ./Middlewares/Third_Party/FreeRTOS/Source/tasks.o (__sf_fake_stderr)
c:/st/stm32cubeide_1.7.0/stm32cubeide/plugins/com.st.stm32cube.ide.mcu.externaltools.gnu-tools-for-stm32.9-2020-q2-update.win32_2.0.0.202105311346/tools/bin/../lib/gcc/arm-none-eabi/9.3.1/../../../../arm-none-eabi/lib/thumb/v7e-m+fp/hard\libc_nano.a(lib_a-fwalk.o)
                              c:/st/stm32cubeide_1.7.0/stm32cubeide/plugins/com.st.stm32cube.ide.mcu.externaltools.gnu-tools-for-stm32.9-2020-q2-update.win32_2.0.0.202105311346/tools/bin/../lib/gcc/arm-none-eabi/9.3.1/../../../../arm-none-eabi/lib/thumb/v7e-m+fp/hard\libc_nano.a(lib_a-findfp.o) (_fwalk)
c:/st/stm32cubeide_1.7.0/stm32cubeide/plugins/com.st.stm32cube.ide.mcu.externaltools.gnu-tools-for-stm32.9-2020-q2-update.win32_2.0.0.202105311346/tools/bin/../lib/gcc/arm-none-eabi/9.3.1/../../../../arm-none-eabi/lib/thumb/v7e-m+fp/hard\libc_nano.a(lib_a-impure.o)
                              c:/st/stm32cubeide_1.7.0/stm32cubeide/plugins/com.st.stm32cube.ide.mcu.externaltools.gnu-tools-for-stm32.9-2020-q2-update.win32_2.0.0.202105311346/tools/bin/../lib/gcc/arm-none-eabi/9.3.1/../../../../arm-none-eabi/lib/thumb/v7e-m+fp/hard\libc_nano.a(lib_a-exit.o) (_global_impure_ptr)
c:/st/stm32cubeide_1.7.0/stm32cubeide/plugins/com.st.stm32cube.ide.mcu.externaltools.gnu-tools-for-stm32.9-2020-q2-update.win32_2.0.0.202105311346/tools/bin/../lib/gcc/arm-none-eabi/9.3.1/../../../../arm-none-eabi/lib/thumb/v7e-m+fp/hard\libc_nano.a(lib_a-init.o)
                              c:/st/stm32cubeide_1.7.0/stm32cubeide/plugins/com.st.stm32cube.ide.mcu.externaltools.gnu-tools-for-stm32.9-2020-q2-update.win32_2.0.0.202105311346/tools/bin/../lib/gcc/arm-none-eabi/9.3.1/../../../../arm-none-eabi/lib/thumb/v7e-m+fp/hard/crt0.o (__libc_init_array)
c:/st/stm32cubeide_1.7.0/stm32cubeide/plugins/com.st.stm32cube.ide.mcu.externaltools.gnu-tools-for-stm32.9-2020-q2-update.win32_2.0.0.202105311346/tools/bin/../lib/gcc/arm-none-eabi/9.3.1/../../../../arm-none-eabi/lib/thumb/v7e-m+fp/hard\libc_nano.a(lib_a-lock.o)
                              c:/st/stm32cubeide_1.7.0/stm32cubeide/plugins/com.st.stm32cube.ide.mcu.externaltools.gnu-tools-for-stm32.9-2020-q2-update.win32_2.0.0.202105311346/tools/bin/../lib/gcc/arm-none-eabi/9.3.1/../../../../arm-none-eabi/lib/thumb/v7e-m+fp/hard\libc_nano.a(lib_a-findfp.o) (__retarget_lock_init_recursive)
c:/st/stm32cubeide_1.7.0/stm32cubeide/plugins/com.st.stm32cube.ide.mcu.externaltools.gnu-tools-for-stm32.9-2020-q2-update.win32_2.0.0.202105311346/tools/bin/../lib/gcc/arm-none-eabi/9.3.1/../../../../arm-none-eabi/lib/thumb/v7e-m+fp/hard\libc_nano.a(lib_a-malloc.o)
                              ./Core/Src/tasks_robocom.o (malloc)
c:/st/stm32cubeide_1.7.0/stm32cubeide/plugins/com.st.stm32cube.ide.mcu.externaltools.gnu-tools-for-stm32.9-2020-q2-update.win32_2.0.0.202105311346/tools/bin/../lib/gcc/arm-none-eabi/9.3.1/../../../../arm-none-eabi/lib/thumb/v7e-m+fp/hard\libc_nano.a(lib_a-memcpy-stub.o)
                              ./Core/Src/MY_NRF24.o (memcpy)
c:/st/stm32cubeide_1.7.0/stm32cubeide/plugins/com.st.stm32cube.ide.mcu.externaltools.gnu-tools-for-stm32.9-2020-q2-update.win32_2.0.0.202105311346/tools/bin/../lib/gcc/arm-none-eabi/9.3.1/../../../../arm-none-eabi/lib/thumb/v7e-m+fp/hard\libc_nano.a(lib_a-memset.o)
                              c:/st/stm32cubeide_1.7.0/stm32cubeide/plugins/com.st.stm32cube.ide.mcu.externaltools.gnu-tools-for-stm32.9-2020-q2-update.win32_2.0.0.202105311346/tools/bin/../lib/gcc/arm-none-eabi/9.3.1/../../../../arm-none-eabi/lib/thumb/v7e-m+fp/hard/crt0.o (memset)
[...]
Memory Configuration

Name             Origin             Length             Attributes
RAM              0x0000000020000000 0x0000000000020000 xrw
FLASH            0x0000000008000000 0x0000000000080000 xr
*default*        0x0000000000000000 0xffffffffffffffff

Linker script and memory map

LOAD c:/st/stm32cubeide_1.7.0/stm32cubeide/plugins/com.st.stm32cube.ide.mcu.externaltools.gnu-tools-for-stm32.9-2020-q2-update.win32_2.0.0.202105311346/tools/bin/../lib/gcc/arm-none-eabi/9.3.1/thumb/v7e-m+fp/hard/crti.o
LOAD c:/st/stm32cubeide_1.7.0/stm32cubeide/plugins/com.st.stm32cube.ide.mcu.externaltools.gnu-tools-for-stm32.9-2020-q2-update.win32_2.0.0.202105311346/tools/bin/../lib/gcc/arm-none-eabi/9.3.1/thumb/v7e-m+fp/hard/crtbegin.o
LOAD c:/st/stm32cubeide_1.7.0/stm32cubeide/plugins/com.st.stm32cube.ide.mcu.externaltools.gnu-tools-for-stm32.9-2020-q2-update.win32_2.0.0.202105311346/tools/bin/../lib/gcc/arm-none-eabi/9.3.1/../../../../arm-none-eabi/lib/thumb/v7e-m+fp/hard/crt0.o
LOAD ./Core/Src/MY_NRF24.o
LOAD ./Core/Src/UartRingbuffer_multi.o
LOAD ./Core/Src/freertos.o
LOAD ./Core/Src/main.o
LOAD ./Core/Src/stm32f4xx_hal_msp.o
LOAD ./Core/Src/stm32f4xx_hal_timebase_tim.o
LOAD ./Core/Src/stm32f4xx_it.o
LOAD ./Core/Src/syscalls.o
LOAD ./Core/Src/sysmem.o
LOAD ./Core/Src/system_stm32f4xx.o
LOAD ./Core/Src/tasks_robocom.o
LOAD ./Core/Startup/startup_stm32f411retx.o
LOAD ./Drivers/STM32F4xx_HAL_Driver/Src/stm32f4xx_hal.o
LOAD ./Drivers/STM32F4xx_HAL_Driver/Src/stm32f4xx_hal_cortex.o
LOAD ./Drivers/STM32F4xx_HAL_Driver/Src/stm32f4xx_hal_crc.o
LOAD ./Drivers/STM32F4xx_HAL_Driver/Src/stm32f4xx_hal_dma.o
LOAD ./Drivers/STM32F4xx_HAL_Driver/Src/stm32f4xx_hal_dma_ex.o
LOAD ./Drivers/STM32F4xx_HAL_Driver/Src/stm32f4xx_hal_exti.o
LOAD ./Drivers/STM32F4xx_HAL_Driver/Src/stm32f4xx_hal_flash.o
LOAD ./Drivers/STM32F4xx_HAL_Driver/Src/stm32f4xx_hal_flash_ex.o
LOAD ./Drivers/STM32F4xx_HAL_Driver/Src/stm32f4xx_hal_flash_ramfunc.o
LOAD ./Drivers/STM32F4xx_HAL_Driver/Src/stm32f4xx_hal_gpio.o
LOAD ./Drivers/STM32F4xx_HAL_Driver/Src/stm32f4xx_hal_pwr.o
LOAD ./Drivers/STM32F4xx_HAL_Driver/Src/stm32f4xx_hal_pwr_ex.o
LOAD ./Drivers/STM32F4xx_HAL_Driver/Src/stm32f4xx_hal_rcc.o
LOAD ./Drivers/STM32F4xx_HAL_Driver/Src/stm32f4xx_hal_rcc_ex.o
LOAD ./Drivers/STM32F4xx_HAL_Driver/Src/stm32f4xx_hal_spi.o
LOAD ./Drivers/STM32F4xx_HAL_Driver/Src/stm32f4xx_hal_tim.o
LOAD ./Drivers/STM32F4xx_HAL_Driver/Src/stm32f4xx_hal_tim_ex.o
LOAD ./Drivers/STM32F4xx_HAL_Driver/Src/stm32f4xx_hal_uart.o
LOAD ./Middlewares/Third_Party/FreeRTOS/Source/CMSIS_RTOS/cmsis_os.o
LOAD ./Middlewares/Third_Party/FreeRTOS/Source/croutine.o
LOAD ./Middlewares/Third_Party/FreeRTOS/Source/event_groups.o
LOAD ./Middlewares/Third_Party/FreeRTOS/Source/list.o
LOAD ./Middlewares/Third_Party/FreeRTOS/Source/queue.o
LOAD ./Middlewares/Third_Party/FreeRTOS/Source/stream_buffer.o
LOAD ./Middlewares/Third_Party/FreeRTOS/Source/tasks.o
LOAD ./Middlewares/Third_Party/FreeRTOS/Source/timers.o
LOAD ./Middlewares/Third_Party/FreeRTOS/Source/portable/GCC/ARM_CM4F/port.o
LOAD ./Middlewares/Third_Party/FreeRTOS/Source/portable/MemMang/heap_4.o
START GROUP
LOAD c:/st/stm32cubeide_1.7.0/stm32cubeide/plugins/com.st.stm32cube.ide.mcu.externaltools.gnu-tools-for-stm32.9-2020-q2-update.win32_2.0.0.202105311346/tools/bin/../lib/gcc/arm-none-eabi/9.3.1/../../../../arm-none-eabi/lib/thumb/v7e-m+fp/hard\libc_nano.a
LOAD c:/st/stm32cubeide_1.7.0/stm32cubeide/plugins/com.st.stm32cube.ide.mcu.externaltools.gnu-tools-for-stm32.9-2020-q2-update.win32_2.0.0.202105311346/tools/bin/../lib/gcc/arm-none-eabi/9.3.1/../../../../arm-none-eabi/lib/thumb/v7e-m+fp/hard\libm.a
END GROUP
START GROUP
LOAD c:/st/stm32cubeide_1.7.0/stm32cubeide/plugins/com.st.stm32cube.ide.mcu.externaltools.gnu-tools-for-stm32.9-2020-q2-update.win32_2.0.0.202105311346/tools/bin/../lib/gcc/arm-none-eabi/9.3.1/thumb/v7e-m+fp/hard\libgcc.a
LOAD c:/st/stm32cubeide_1.7.0/stm32cubeide/plugins/com.st.stm32cube.ide.mcu.externaltools.gnu-tools-for-stm32.9-2020-q2-update.win32_2.0.0.202105311346/tools/bin/../lib/gcc/arm-none-eabi/9.3.1/../../../../arm-none-eabi/lib/thumb/v7e-m+fp/hard\libc_nano.a
END GROUP
START GROUP
LOAD c:/st/stm32cubeide_1.7.0/stm32cubeide/plugins/com.st.stm32cube.ide.mcu.externaltools.gnu-tools-for-stm32.9-2020-q2-update.win32_2.0.0.202105311346/tools/bin/../lib/gcc/arm-none-eabi/9.3.1/thumb/v7e-m+fp/hard\libgcc.a
LOAD c:/st/stm32cubeide_1.7.0/stm32cubeide/plugins/com.st.stm32cube.ide.mcu.externaltools.gnu-tools-for-stm32.9-2020-q2-update.win32_2.0.0.202105311346/tools/bin/../lib/gcc/arm-none-eabi/9.3.1/../../../../arm-none-eabi/lib/thumb/v7e-m+fp/hard\libc_nano.a
LOAD c:/st/stm32cubeide_1.7.0/stm32cubeide/plugins/com.st.stm32cube.ide.mcu.externaltools.gnu-tools-for-stm32.9-2020-q2-update.win32_2.0.0.202105311346/tools/bin/../lib/gcc/arm-none-eabi/9.3.1/../../../../arm-none-eabi/lib/thumb/v7e-m+fp/hard\libnosys.a
END GROUP
START GROUP
LOAD c:/st/stm32cubeide_1.7.0/stm32cubeide/plugins/com.st.stm32cube.ide.mcu.externaltools.gnu-tools-for-stm32.9-2020-q2-update.win32_2.0.0.202105311346/tools/bin/../lib/gcc/arm-none-eabi/9.3.1/thumb/v7e-m+fp/hard\libgcc.a
LOAD c:/st/stm32cubeide_1.7.0/stm32cubeide/plugins/com.st.stm32cube.ide.mcu.externaltools.gnu-tools-for-stm32.9-2020-q2-update.win32_2.0.0.202105311346/tools/bin/../lib/gcc/arm-none-eabi/9.3.1/../../../../arm-none-eabi/lib/thumb/v7e-m+fp/hard\libc_nano.a
LOAD c:/st/stm32cubeide_1.7.0/stm32cubeide/plugins/com.st.stm32cube.ide.mcu.externaltools.gnu-tools-for-stm32.9-2020-q2-update.win32_2.0.0.202105311346/tools/bin/../lib/gcc/arm-none-eabi/9.3.1/../../../../arm-none-eabi/lib/thumb/v7e-m+fp/hard\libnosys.a
END GROUP
LOAD c:/st/stm32cubeide_1.7.0/stm32cubeide/plugins/com.st.stm32cube.ide.mcu.externaltools.gnu-tools-for-stm32.9-2020-q2-update.win32_2.0.0.202105311346/tools/bin/../lib/gcc/arm-none-eabi/9.3.1/thumb/v7e-m+fp/hard/crtend.o
LOAD c:/st/stm32cubeide_1.7.0/stm32cubeide/plugins/com.st.stm32cube.ide.mcu.externaltools.gnu-tools-for-stm32.9-2020-q2-update.win32_2.0.0.202105311346/tools/bin/../lib/gcc/arm-none-eabi/9.3.1/thumb/v7e-m+fp/hard/crtn.o
                0x0000000020020000                _estack = (ORIGIN (RAM) + LENGTH (RAM))
                0x0000000000000200                _Min_Heap_Size = 0x200
                0x0000000000000400                _Min_Stack_Size = 0x400

.isr_vector     0x0000000008000000      0x198
                0x0000000008000000                . = ALIGN (0x4)
 *(.isr_vector)
 .isr_vector    0x0000000008000000      0x198 ./Core/Startup/startup_stm32f411retx.o
                0x0000000008000000                g_pfnVectors
                0x0000000008000198                . = ALIGN (0x4)

.text           0x00000000080001a0     0x9498
                0x00000000080001a0                . = ALIGN (0x4)
 *(.text)
 .text          0x00000000080001a0       0x40 c:/st/stm32cubeide_1.7.0/stm32cubeide/plugins/com.st.stm32cube.ide.mcu.externaltools.gnu-tools-for-stm32.9-2020-q2-update.win32_2.0.0.202105311346/tools/bin/../lib/gcc/arm-none-eabi/9.3.1/thumb/v7e-m+fp/hard/crtbegin.o
 .text          0x00000000080001e0       0x10 c:/st/stm32cubeide_1.7.0/stm32cubeide/plugins/com.st.stm32cube.ide.mcu.externaltools.gnu-tools-for-stm32.9-2020-q2-update.win32_2.0.0.202105311346/tools/bin/../lib/gcc/arm-none-eabi/9.3.1/../../../../arm-none-eabi/lib/thumb/v7e-m+fp/hard\libc_nano.a(lib_a-strlen.o)
                0x00000000080001e0                strlen
 .text          0x00000000080001f0       0xa0 c:/st/stm32cubeide_1.7.0/stm32cubeide/plugins/com.st.stm32cube.ide.mcu.externaltools.gnu-tools-for-stm32.9-2020-q2-update.win32_2.0.0.202105311346/tools/bin/../lib/gcc/arm-none-eabi/9.3.1/../../../../arm-none-eabi/lib/thumb/v7e-m+fp/hard\libc_nano.a(lib_a-memchr.o)
                0x00000000080001f0                memchr
 .text          0x0000000008000290       0x30 c:/st/stm32cubeide_1.7.0/stm32cubeide/plugins/com.st.stm32cube.ide.mcu.externaltools.gnu-tools-for-stm32.9-2020-q2-update.win32_2.0.0.202105311346/tools/bin/../lib/gcc/arm-none-eabi/9.3.1/thumb/v7e-m+fp/hard\libgcc.a(_aeabi_uldivmod.o)
                0x0000000008000290                __aeabi_uldivmod
 .text          0x00000000080002c0      0x2c4 c:/st/stm32cubeide_1.7.0/stm32cubeide/plugins/com.st.stm32cube.ide.mcu.externaltools.gnu-tools-for-stm32.9-2020-q2-update.win32_2.0.0.202105311346/tools/bin/../lib/gcc/arm-none-eabi/9.3.1/thumb/v7e-m+fp/hard\libgcc.a(_udivmoddi4.o)
                0x00000000080002c0                __udivmoddi4
 .text          0x0000000008000584        0x4 c:/st/stm32cubeide_1.7.0/stm32cubeide/plugins/com.st.stm32cube.ide.mcu.externaltools.gnu-tools-for-stm32.9-2020-q2-update.win32_2.0.0.202105311346/tools/bin/../lib/gcc/arm-none-eabi/9.3.1/thumb/v7e-m+fp/hard\libgcc.a(_dvmd_tls.o)
                0x0000000008000584                __aeabi_idiv0
                0x0000000008000584                __aeabi_ldiv0
 *(.text*)
 .text.NRF24_DelayMicroSeconds
                0x0000000008000588       0x44 ./Core/Src/MY_NRF24.o
                0x0000000008000588                NRF24_DelayMicroSeconds
 .text.NRF24_csn
                0x00000000080005cc       0x40 ./Core/Src/MY_NRF24.o
                0x00000000080005cc                NRF24_csn
 .text.NRF24_ce
                0x000000000800060c       0x40 ./Core/Src/MY_NRF24.o
                0x000000000800060c                NRF24_ce
 .text.NRF24_read_register
                0x000000000800064c       0x50 ./Core/Src/MY_NRF24.o
                0x000000000800064c                NRF24_read_register
 .text.NRF24_read_registerN
                0x000000000800069c       0x50 ./Core/Src/MY_NRF24.o
                0x000000000800069c                NRF24_read_registerN
 .text.NRF24_write_register
                0x00000000080006ec       0x44 ./Core/Src/MY_NRF24.o
                0x00000000080006ec                NRF24_write_register
 .text.NRF24_write_registerN
                0x0000000008000730       0x50 ./Core/Src/MY_NRF24.o
                0x0000000008000730                NRF24_write_registerN
 .text.NRF24_write_payload
                0x0000000008000780       0x44 ./Core/Src/MY_NRF24.o
                0x0000000008000780                NRF24_write_payload
 .text.NRF24_read_payload
                0x00000000080007c4       0x60 ./Core/Src/MY_NRF24.o
                0x00000000080007c4                NRF24_read_payload
 .text.NRF24_flush_tx
                0x0000000008000824       0x10 ./Core/Src/MY_NRF24.o
                0x0000000008000824                NRF24_flush_tx
 .text.NRF24_flush_rx
                0x0000000008000834       0x10 ./Core/Src/MY_NRF24.o
                0x0000000008000834                NRF24_flush_rx
 .text.NRF24_get_status
                0x0000000008000844       0x1a ./Core/Src/MY_NRF24.o
                0x0000000008000844                NRF24_get_status
 *fill*         0x000000000800085e        0x2 
 .text.NRF24_begin
                0x0000000008000860      0x1c0 ./Core/Src/MY_NRF24.o
                0x0000000008000860                NRF24_begin
 .text.NRF24_startListening
                0x0000000008000a20       0x4c ./Core/Src/MY_NRF24.o
                0x0000000008000a20                NRF24_startListening
 .text.NRF24_stopListening
                0x0000000008000a6c       0x16 ./Core/Src/MY_NRF24.o
                0x0000000008000a6c                NRF24_stopListening
 *fill*         0x0000000008000a82        0x2 
 .text.NRF24_write
                0x0000000008000a84       0x98 ./Core/Src/MY_NRF24.o
                0x0000000008000a84                NRF24_write
 .text.NRF24_available
                0x0000000008000b1c       0x10 ./Core/Src/MY_NRF24.o
                0x0000000008000b1c                NRF24_available
 .text.NRF24_read
                0x0000000008000b2c       0x40 ./Core/Src/MY_NRF24.o
                0x0000000008000b2c                NRF24_read
 .text.NRF24_openWritingPipe
                0x0000000008000b6c       0x48 ./Core/Src/MY_NRF24.o
                0x0000000008000b6c                NRF24_openWritingPipe
 .text.NRF24_openReadingPipe
                0x0000000008000bb4       0x9c ./Core/Src/MY_NRF24.o
                0x0000000008000bb4                NRF24_openReadingPipe
 .text.NRF24_setRetries
                0x0000000008000c50       0x36 ./Core/Src/MY_NRF24.o
                0x0000000008000c50                NRF24_setRetries
 .text.NRF24_setChannel
                0x0000000008000c86       0x2a ./Core/Src/MY_NRF24.o
                0x0000000008000c86                NRF24_setChannel
 .text.NRF24_setPayloadSize
                0x0000000008000cb0       0x30 ./Core/Src/MY_NRF24.o
                0x0000000008000cb0                NRF24_setPayloadSize
 .text.NRF24_getPayloadSize
                0x0000000008000ce0       0x18 ./Core/Src/MY_NRF24.o
                0x0000000008000ce0                NRF24_getPayloadSize
 .text.NRF24_getDynamicPayloadSize
                0x0000000008000cf8       0x10 ./Core/Src/MY_NRF24.o
                0x0000000008000cf8                NRF24_getDynamicPayloadSize
 .text.NRF24_disableDynamicPayloads
                0x0000000008000d08       0x30 ./Core/Src/MY_NRF24.o
                0x0000000008000d08                NRF24_disableDynamicPayloads
 .text.NRF24_setAutoAck
                0x0000000008000d38       0x2a ./Core/Src/MY_NRF24.o
                0x0000000008000d38                NRF24_setAutoAck
 .text.NRF24_setPALevel
                0x0000000008000d62       0x72 ./Core/Src/MY_NRF24.o
                0x0000000008000d62                NRF24_setPALevel
 .text.NRF24_setDataRate
                0x0000000008000dd4       0x8c ./Core/Src/MY_NRF24.o
                0x0000000008000dd4                NRF24_setDataRate
 .text.NRF24_setCRCLength
                0x0000000008000e60       0x50 ./Core/Src/MY_NRF24.o
                0x0000000008000e60                NRF24_setCRCLength
 .text.NRF24_disableCRC
                0x0000000008000eb0       0x26 ./Core/Src/MY_NRF24.o
                0x0000000008000eb0                NRF24_disableCRC
 .text.NRF24_powerDown
                0x0000000008000ed6       0x1e ./Core/Src/MY_NRF24.o
                0x0000000008000ed6                NRF24_powerDown
 .text.NRF24_availablePipe
                0x0000000008000ef4       0x60 ./Core/Src/MY_NRF24.o
                0x0000000008000ef4                NRF24_availablePipe
 .text.NRF24_startWrite
                0x0000000008000f54       0x5e ./Core/Src/MY_NRF24.o
                0x0000000008000f54                NRF24_startWrite
 .text.NRF24_whatHappened
                0x0000000008000fb2       0x66 ./Core/Src/MY_NRF24.o
                0x0000000008000fb2                NRF24_whatHappened
 .text.NRF24_resetStatus
                0x0000000008001018       0x10 ./Core/Src/MY_NRF24.o
                0x0000000008001018                NRF24_resetStatus
 .text.NRF24_ACTIVATE_cmd
                0x0000000008001028       0x34 ./Core/Src/MY_NRF24.o
                0x0000000008001028                NRF24_ACTIVATE_cmd
 .text.printRadioSettings
                0x000000000800105c      0x850 ./Core/Src/MY_NRF24.o
                0x000000000800105c                printRadioSettings
 .text.Ringbuf_init
                0x00000000080018ac       0x90 ./Core/Src/UartRingbuffer_multi.o
                0x00000000080018ac                Ringbuf_init
 .text.store_char
                0x000000000800193c       0x3e ./Core/Src/UartRingbuffer_multi.o
                0x000000000800193c                store_char
 *fill*         0x000000000800197a        0x2 
 .text.Uart_read
                0x000000000800197c       0xac ./Core/Src/UartRingbuffer_multi.o
                0x000000000800197c                Uart_read
 .text.Uart_write
                0x0000000008001a28       0xc8 ./Core/Src/UartRingbuffer_multi.o
                0x0000000008001a28                Uart_write
 .text.IsDataAvailable
                0x0000000008001af0       0x74 ./Core/Src/UartRingbuffer_multi.o
                0x0000000008001af0                IsDataAvailable
 .text.Uart_isr
                0x0000000008001b64      0x140 ./Core/Src/UartRingbuffer_multi.o
                0x0000000008001b64                Uart_isr
 .text.vApplicationGetIdleTaskMemory
                0x0000000008001ca4       0x34 ./Core/Src/freertos.o
                0x0000000008001ca4                vApplicationGetIdleTaskMemory
 .text.initNRF  0x0000000008001cd8       0x48 ./Core/Src/main.o
                0x0000000008001cd8                initNRF
 .text.Tx_Adding_CRC
                0x0000000008001d20       0x7c ./Core/Src/main.o
                0x0000000008001d20                Tx_Adding_CRC
 .text.extractCrc
                0x0000000008001d9c       0x3c ./Core/Src/main.o
                0x0000000008001d9c                extractCrc
 .text.extractData
                0x0000000008001dd8       0x20 ./Core/Src/main.o
                0x0000000008001dd8                extractData
 .text.main     0x0000000008001df8      0x22c ./Core/Src/main.o
                0x0000000008001df8                main
 .text.SystemClock_Config
                0x0000000008002024       0xbc ./Core/Src/main.o
                0x0000000008002024                SystemClock_Config
 .text.MX_CRC_Init
                0x00000000080020e0       0x28 ./Core/Src/main.o
 .text.MX_SPI1_Init
                0x0000000008002108       0x6c ./Core/Src/main.o
 .text.MX_USART1_UART_Init
                0x0000000008002174       0x54 ./Core/Src/main.o
 .text.MX_USART2_UART_Init
                0x00000000080021c8       0x54 ./Core/Src/main.o
 .text.MX_GPIO_Init
                0x000000000800221c       0x88 ./Core/Src/main.o
 .text.HAL_TIM_PeriodElapsedCallback
                0x00000000080022a4       0x24 ./Core/Src/main.o
                0x00000000080022a4                HAL_TIM_PeriodElapsedCallback
 .text.Error_Handler
                0x00000000080022c8        0xa ./Core/Src/main.o
                0x00000000080022c8                Error_Handler
 *fill*         0x00000000080022d2        0x2 
 .text.HAL_MspInit
                0x00000000080022d4       0x58 ./Core/Src/stm32f4xx_hal_msp.o
                0x00000000080022d4                HAL_MspInit
 .text.HAL_CRC_MspInit
                0x000000000800232c       0x44 ./Core/Src/stm32f4xx_hal_msp.o
                0x000000000800232c                HAL_CRC_MspInit
 .text.HAL_SPI_MspInit
                0x0000000008002370       0x90 ./Core/Src/stm32f4xx_hal_msp.o
                0x0000000008002370                HAL_SPI_MspInit
 .text.HAL_UART_MspInit
                0x0000000008002400      0x118 ./Core/Src/stm32f4xx_hal_msp.o
                0x0000000008002400                HAL_UART_MspInit
 .text.HAL_InitTick
                0x0000000008002518       0xb4 ./Core/Src/stm32f4xx_hal_timebase_tim.o
                0x0000000008002518                HAL_InitTick
 .text.NMI_Handler
                0x00000000080025cc        0x6 ./Core/Src/stm32f4xx_it.o
                0x00000000080025cc                NMI_Handler
 .text.HardFault_Handler
                0x00000000080025d2        0x6 ./Core/Src/stm32f4xx_it.o
                0x00000000080025d2                HardFault_Handler
 .text.MemManage_Handler
                0x00000000080025d8        0x6 ./Core/Src/stm32f4xx_it.o
                0x00000000080025d8                MemManage_Handler
 .text.BusFault_Handler
                0x00000000080025de        0x6 ./Core/Src/stm32f4xx_it.o
                0x00000000080025de                BusFault_Handler
 .text.UsageFault_Handler
                0x00000000080025e4        0x6 ./Core/Src/stm32f4xx_it.o
                0x00000000080025e4                UsageFault_Handler
 .text.DebugMon_Handler
                0x00000000080025ea        0xe ./Core/Src/stm32f4xx_it.o
                0x00000000080025ea                DebugMon_Handler
 .text.USART1_IRQHandler
                0x00000000080025f8       0x18 ./Core/Src/stm32f4xx_it.o
                0x00000000080025f8                USART1_IRQHandler
 .text.USART2_IRQHandler
                0x0000000008002610       0x18 ./Core/Src/stm32f4xx_it.o
                0x0000000008002610                USART2_IRQHandler
 .text.TIM5_IRQHandler
                0x0000000008002628       0x14 ./Core/Src/stm32f4xx_it.o
                0x0000000008002628                TIM5_IRQHandler
 .text._getpid  0x000000000800263c       0x10 ./Core/Src/syscalls.o
                0x000000000800263c                _getpid
 .text._kill    0x000000000800264c       0x20 ./Core/Src/syscalls.o
                0x000000000800264c                _kill
 .text._exit    0x000000000800266c       0x14 ./Core/Src/syscalls.o
                0x000000000800266c                _exit
 .text._read    0x0000000008002680       0x3a ./Core/Src/syscalls.o
                0x0000000008002680                _read
 .text._write   0x00000000080026ba       0x38 ./Core/Src/syscalls.o
                0x00000000080026ba                _write
 .text._close   0x00000000080026f2       0x18 ./Core/Src/syscalls.o
                0x00000000080026f2                _close
 .text._fstat   0x000000000800270a       0x20 ./Core/Src/syscalls.o
                0x000000000800270a                _fstat
 .text._isatty  0x000000000800272a       0x16 ./Core/Src/syscalls.o
                0x000000000800272a                _isatty
 .text._lseek   0x0000000008002740       0x1a ./Core/Src/syscalls.o
                0x0000000008002740                _lseek
 *fill*         0x000000000800275a        0x2 
 .text._sbrk    0x000000000800275c       0x6c ./Core/Src/sysmem.o
                0x000000000800275c                _sbrk
 .text.SystemInit
                0x00000000080027c8       0x24 ./Core/Src/system_stm32f4xx.o
                0x00000000080027c8                SystemInit
 .text.Nrf_rx_init
                0x00000000080027ec       0x28 ./Core/Src/tasks_robocom.o
                0x00000000080027ec                Nrf_rx_init
 .text.Nrf_tx_init
                0x0000000008002814       0x2e ./Core/Src/tasks_robocom.o
                0x0000000008002814                Nrf_tx_init
 *fill*         0x0000000008002842        0x6 
 .text.taskNrfRx
                0x0000000008002848       0xfc ./Core/Src/tasks_robocom.o
                0x0000000008002848                taskNrfRx
 *fill*         0x0000000008002944        0x4 
 .text.taskNrfTx
                0x0000000008002948       0xa8 ./Core/Src/tasks_robocom.o
                0x0000000008002948                taskNrfTx
 .text.taskUartPc
                0x00000000080029f0      0x154 ./Core/Src/tasks_robocom.o
                0x00000000080029f0                taskUartPc
 .text.taskUartHc12
                0x0000000008002b44       0xf8 ./Core/Src/tasks_robocom.o
                0x0000000008002b44                taskUartHc12
 .text.Reset_Handler
                0x0000000008002c3c       0x50 ./Core/Startup/startup_stm32f411retx.o
                0x0000000008002c3c                Reset_Handler
 .text.Default_Handler
                0x0000000008002c8c        0x2 ./Core/Startup/startup_stm32f411retx.o
                0x0000000008002c8c                RTC_Alarm_IRQHandler
                0x0000000008002c8c                EXTI2_IRQHandler
                0x0000000008002c8c                SPI4_IRQHandler
                0x0000000008002c8c                TIM1_CC_IRQHandler
                0x0000000008002c8c                DMA2_Stream5_IRQHandler
                0x0000000008002c8c                DMA1_Stream5_IRQHandler
                0x0000000008002c8c                PVD_IRQHandler
                0x0000000008002c8c                SDIO_IRQHandler
                0x0000000008002c8c                TAMP_STAMP_IRQHandler
                0x0000000008002c8c                EXTI3_IRQHandler
                0x0000000008002c8c                TIM1_UP_TIM10_IRQHandler
                0x0000000008002c8c                I2C3_ER_IRQHandler
                0x0000000008002c8c                EXTI0_IRQHandler
                0x0000000008002c8c                I2C2_EV_IRQHandler
                0x0000000008002c8c                DMA1_Stream2_IRQHandler
                0x0000000008002c8c                FPU_IRQHandler
                0x0000000008002c8c                DMA2_Stream2_IRQHandler
                0x0000000008002c8c                SPI1_IRQHandler
                0x0000000008002c8c                TIM1_BRK_TIM9_IRQHandler
                0x0000000008002c8c                DMA2_Stream3_IRQHandler
                0x0000000008002c8c                USART6_IRQHandler
                0x0000000008002c8c                DMA2_Stream0_IRQHandler
                0x0000000008002c8c                TIM4_IRQHandler
                0x0000000008002c8c                I2C1_EV_IRQHandler
                0x0000000008002c8c                DMA1_Stream6_IRQHandler
                0x0000000008002c8c                DMA1_Stream1_IRQHandler
                0x0000000008002c8c                TIM3_IRQHandler
                0x0000000008002c8c                RCC_IRQHandler
                0x0000000008002c8c                Default_Handler
                0x0000000008002c8c                EXTI15_10_IRQHandler
                0x0000000008002c8c                ADC_IRQHandler
                0x0000000008002c8c                DMA1_Stream7_IRQHandler
                0x0000000008002c8c                SPI5_IRQHandler
                0x0000000008002c8c                DMA2_Stream7_IRQHandler
                0x0000000008002c8c                I2C3_EV_IRQHandler
                0x0000000008002c8c                EXTI9_5_IRQHandler
                0x0000000008002c8c                RTC_WKUP_IRQHandler
                0x0000000008002c8c                SPI2_IRQHandler
                0x0000000008002c8c                DMA1_Stream0_IRQHandler
                0x0000000008002c8c                EXTI4_IRQHandler
                0x0000000008002c8c                WWDG_IRQHandler
                0x0000000008002c8c                TIM2_IRQHandler
                0x0000000008002c8c                OTG_FS_WKUP_IRQHandler
                0x0000000008002c8c                TIM1_TRG_COM_TIM11_IRQHandler
                0x0000000008002c8c                EXTI1_IRQHandler
                0x0000000008002c8c                I2C2_ER_IRQHandler
                0x0000000008002c8c                DMA2_Stream1_IRQHandler
                0x0000000008002c8c                FLASH_IRQHandler
                0x0000000008002c8c                DMA2_Stream4_IRQHandler
                0x0000000008002c8c                OTG_FS_IRQHandler
                0x0000000008002c8c                SPI3_IRQHandler
                0x0000000008002c8c                DMA1_Stream4_IRQHandler
                0x0000000008002c8c                I2C1_ER_IRQHandler
                0x0000000008002c8c                DMA2_Stream6_IRQHandler
                0x0000000008002c8c                DMA1_Stream3_IRQHandler
 *fill*         0x0000000008002c8e        0x2 
 .text.HAL_Init
                0x0000000008002c90       0x44 ./Drivers/STM32F4xx_HAL_Driver/Src/stm32f4xx_hal.o
                0x0000000008002c90                HAL_Init
 .text.HAL_IncTick
                0x0000000008002cd4       0x28 ./Drivers/STM32F4xx_HAL_Driver/Src/stm32f4xx_hal.o
                0x0000000008002cd4                HAL_IncTick
 .text.HAL_GetTick
                0x0000000008002cfc       0x18 ./Drivers/STM32F4xx_HAL_Driver/Src/stm32f4xx_hal.o
                0x0000000008002cfc                HAL_GetTick
 .text.HAL_Delay
                0x0000000008002d14       0x48 ./Drivers/STM32F4xx_HAL_Driver/Src/stm32f4xx_hal.o
                0x0000000008002d14                HAL_Delay
 .text.__NVIC_SetPriorityGrouping
                0x0000000008002d5c       0x48 ./Drivers/STM32F4xx_HAL_Driver/Src/stm32f4xx_hal_cortex.o
 .text.__NVIC_GetPriorityGrouping
                0x0000000008002da4       0x1c ./Drivers/STM32F4xx_HAL_Driver/Src/stm32f4xx_hal_cortex.o
 .text.__NVIC_EnableIRQ
                0x0000000008002dc0       0x3c ./Drivers/STM32F4xx_HAL_Driver/Src/stm32f4xx_hal_cortex.o
 .text.__NVIC_SetPriority
                0x0000000008002dfc       0x54 ./Drivers/STM32F4xx_HAL_Driver/Src/stm32f4xx_hal_cortex.o
 .text.NVIC_EncodePriority
                0x0000000008002e50       0x66 ./Drivers/STM32F4xx_HAL_Driver/Src/stm32f4xx_hal_cortex.o
 .text.HAL_NVIC_SetPriorityGrouping
                0x0000000008002eb6       0x16 ./Drivers/STM32F4xx_HAL_Driver/Src/stm32f4xx_hal_cortex.o
                0x0000000008002eb6                HAL_NVIC_SetPriorityGrouping
 .text.HAL_NVIC_SetPriority
                0x0000000008002ecc       0x38 ./Drivers/STM32F4xx_HAL_Driver/Src/stm32f4xx_hal_cortex.o
                0x0000000008002ecc                HAL_NVIC_SetPriority
 .text.HAL_NVIC_EnableIRQ
                0x0000000008002f04       0x1c ./Drivers/STM32F4xx_HAL_Driver/Src/stm32f4xx_hal_cortex.o
                0x0000000008002f04                HAL_NVIC_EnableIRQ
 .text.HAL_CRC_Init
                0x0000000008002f20       0x38 ./Drivers/STM32F4xx_HAL_Driver/Src/stm32f4xx_hal_crc.o
                0x0000000008002f20                HAL_CRC_Init
 .text.HAL_CRC_Calculate
                0x0000000008002f58       0x66 ./Drivers/STM32F4xx_HAL_Driver/Src/stm32f4xx_hal_crc.o
                0x0000000008002f58                HAL_CRC_Calculate
 .text.HAL_DMA_Abort
                0x0000000008002fbe       0xe0 ./Drivers/STM32F4xx_HAL_Driver/Src/stm32f4xx_hal_dma.o
                0x0000000008002fbe                HAL_DMA_Abort
 .text.HAL_DMA_Abort_IT
                0x000000000800309e       0x44 ./Drivers/STM32F4xx_HAL_Driver/Src/stm32f4xx_hal_dma.o
                0x000000000800309e                HAL_DMA_Abort_IT
 *fill*         0x00000000080030e2        0x2 
 .text.HAL_GPIO_Init
                0x00000000080030e4      0x308 ./Drivers/STM32F4xx_HAL_Driver/Src/stm32f4xx_hal_gpio.o
                0x00000000080030e4                HAL_GPIO_Init
 .text.HAL_GPIO_WritePin
                0x00000000080033ec       0x32 ./Drivers/STM32F4xx_HAL_Driver/Src/stm32f4xx_hal_gpio.o
                0x00000000080033ec                HAL_GPIO_WritePin
 *fill*         0x000000000800341e        0x2 
 .text.HAL_RCC_OscConfig
                0x0000000008003420      0x4f0 ./Drivers/STM32F4xx_HAL_Driver/Src/stm32f4xx_hal_rcc.o
                0x0000000008003420                HAL_RCC_OscConfig
 .text.HAL_RCC_ClockConfig
                0x0000000008003910      0x1cc ./Drivers/STM32F4xx_HAL_Driver/Src/stm32f4xx_hal_rcc.o
                0x0000000008003910                HAL_RCC_ClockConfig
 .text.HAL_RCC_GetSysClockFreq
                0x0000000008003adc      0x16c ./Drivers/STM32F4xx_HAL_Driver/Src/stm32f4xx_hal_rcc.o
                0x0000000008003adc                HAL_RCC_GetSysClockFreq
 .text.HAL_RCC_GetHCLKFreq
                0x0000000008003c48       0x18 ./Drivers/STM32F4xx_HAL_Driver/Src/stm32f4xx_hal_rcc.o
                0x0000000008003c48                HAL_RCC_GetHCLKFreq
 .text.HAL_RCC_GetPCLK1Freq
                0x0000000008003c60       0x28 ./Drivers/STM32F4xx_HAL_Driver/Src/stm32f4xx_hal_rcc.o
                0x0000000008003c60                HAL_RCC_GetPCLK1Freq
 .text.HAL_RCC_GetPCLK2Freq
                0x0000000008003c88       0x28 ./Drivers/STM32F4xx_HAL_Driver/Src/stm32f4xx_hal_rcc.o
                0x0000000008003c88                HAL_RCC_GetPCLK2Freq
 .text.HAL_RCC_GetClockConfig
                0x0000000008003cb0       0x64 ./Drivers/STM32F4xx_HAL_Driver/Src/stm32f4xx_hal_rcc.o
                0x0000000008003cb0                HAL_RCC_GetClockConfig
 .text.HAL_SPI_Init
                0x0000000008003d14      0x112 ./Drivers/STM32F4xx_HAL_Driver/Src/stm32f4xx_hal_spi.o
                0x0000000008003d14                HAL_SPI_Init
 .text.HAL_SPI_Transmit
                0x0000000008003e26      0x278 ./Drivers/STM32F4xx_HAL_Driver/Src/stm32f4xx_hal_spi.o
                0x0000000008003e26                HAL_SPI_Transmit
 .text.HAL_SPI_Receive
                0x000000000800409e      0x222 ./Drivers/STM32F4xx_HAL_Driver/Src/stm32f4xx_hal_spi.o
                0x000000000800409e                HAL_SPI_Receive
 .text.HAL_SPI_TransmitReceive
                0x00000000080042c0      0x344 ./Drivers/STM32F4xx_HAL_Driver/Src/stm32f4xx_hal_spi.o
                0x00000000080042c0                HAL_SPI_TransmitReceive
 .text.SPI_WaitFlagStateUntilTimeout
                0x0000000008004604      0x110 ./Drivers/STM32F4xx_HAL_Driver/Src/stm32f4xx_hal_spi.o
 .text.SPI_EndRxTransaction
                0x0000000008004714       0xca ./Drivers/STM32F4xx_HAL_Driver/Src/stm32f4xx_hal_spi.o
 *fill*         0x00000000080047de        0x2 
 .text.SPI_EndRxTxTransaction
                0x00000000080047e0       0x84 ./Drivers/STM32F4xx_HAL_Driver/Src/stm32f4xx_hal_spi.o
 .text.HAL_TIM_Base_Init
                0x0000000008004864       0x9e ./Drivers/STM32F4xx_HAL_Driver/Src/stm32f4xx_hal_tim.o
                0x0000000008004864                HAL_TIM_Base_Init
 .text.HAL_TIM_Base_MspInit
                0x0000000008004902       0x14 ./Drivers/STM32F4xx_HAL_Driver/Src/stm32f4xx_hal_tim.o
                0x0000000008004902                HAL_TIM_Base_MspInit
 *fill*         0x0000000008004916        0x2 
 .text.HAL_TIM_Base_Start_IT
                0x0000000008004918       0xc4 ./Drivers/STM32F4xx_HAL_Driver/Src/stm32f4xx_hal_tim.o
                0x0000000008004918                HAL_TIM_Base_Start_IT
 .text.HAL_TIM_IRQHandler
                0x00000000080049dc      0x210 ./Drivers/STM32F4xx_HAL_Driver/Src/stm32f4xx_hal_tim.o
                0x00000000080049dc                HAL_TIM_IRQHandler
 .text.HAL_TIM_OC_DelayElapsedCallback
                0x0000000008004bec       0x14 ./Drivers/STM32F4xx_HAL_Driver/Src/stm32f4xx_hal_tim.o
                0x0000000008004bec                HAL_TIM_OC_DelayElapsedCallback
 .text.HAL_TIM_IC_CaptureCallback
                0x0000000008004c00       0x14 ./Drivers/STM32F4xx_HAL_Driver/Src/stm32f4xx_hal_tim.o
                0x0000000008004c00                HAL_TIM_IC_CaptureCallback
 .text.HAL_TIM_PWM_PulseFinishedCallback
                0x0000000008004c14       0x14 ./Drivers/STM32F4xx_HAL_Driver/Src/stm32f4xx_hal_tim.o
                0x0000000008004c14                HAL_TIM_PWM_PulseFinishedCallback
 .text.HAL_TIM_TriggerCallback
                0x0000000008004c28       0x14 ./Drivers/STM32F4xx_HAL_Driver/Src/stm32f4xx_hal_tim.o
                0x0000000008004c28                HAL_TIM_TriggerCallback
 .text.TIM_Base_SetConfig
                0x0000000008004c3c      0x100 ./Drivers/STM32F4xx_HAL_Driver/Src/stm32f4xx_hal_tim.o
                0x0000000008004c3c                TIM_Base_SetConfig
 .text.HAL_TIMEx_CommutCallback
                0x0000000008004d3c       0x14 ./Drivers/STM32F4xx_HAL_Driver/Src/stm32f4xx_hal_tim_ex.o
                0x0000000008004d3c                HAL_TIMEx_CommutCallback
 .text.HAL_TIMEx_BreakCallback
                0x0000000008004d50       0x14 ./Drivers/STM32F4xx_HAL_Driver/Src/stm32f4xx_hal_tim_ex.o
                0x0000000008004d50                HAL_TIMEx_BreakCallback
 .text.HAL_UART_Init
                0x0000000008004d64       0x9a ./Drivers/STM32F4xx_HAL_Driver/Src/stm32f4xx_hal_uart.o
                0x0000000008004d64                HAL_UART_Init
 .text.HAL_UART_Transmit
                0x0000000008004dfe      0x124 ./Drivers/STM32F4xx_HAL_Driver/Src/stm32f4xx_hal_uart.o
                0x0000000008004dfe                HAL_UART_Transmit
 *fill*         0x0000000008004f22        0x2 
 .text.HAL_UART_IRQHandler
                0x0000000008004f24      0x51c ./Drivers/STM32F4xx_HAL_Driver/Src/stm32f4xx_hal_uart.o
                0x0000000008004f24                HAL_UART_IRQHandler
 .text.HAL_UART_TxCpltCallback
                0x0000000008005440       0x14 ./Drivers/STM32F4xx_HAL_Driver/Src/stm32f4xx_hal_uart.o
                0x0000000008005440                HAL_UART_TxCpltCallback
 .text.HAL_UART_RxCpltCallback
                0x0000000008005454       0x14 ./Drivers/STM32F4xx_HAL_Driver/Src/stm32f4xx_hal_uart.o
                0x0000000008005454                HAL_UART_RxCpltCallback
 .text.HAL_UART_ErrorCallback
                0x0000000008005468       0x14 ./Drivers/STM32F4xx_HAL_Driver/Src/stm32f4xx_hal_uart.o
                0x0000000008005468                HAL_UART_ErrorCallback
 .text.HAL_UARTEx_RxEventCallback
                0x000000000800547c       0x18 ./Drivers/STM32F4xx_HAL_Driver/Src/stm32f4xx_hal_uart.o
                0x000000000800547c                HAL_UARTEx_RxEventCallback
 .text.UART_WaitOnFlagUntilTimeout
                0x0000000008005494       0xdc ./Drivers/STM32F4xx_HAL_Driver/Src/stm32f4xx_hal_uart.o
 .text.UART_EndRxTransfer
                0x0000000008005570       0xc6 ./Drivers/STM32F4xx_HAL_Driver/Src/stm32f4xx_hal_uart.o
 .text.UART_DMAAbortOnError
                0x0000000008005636       0x28 ./Drivers/STM32F4xx_HAL_Driver/Src/stm32f4xx_hal_uart.o
 .text.UART_Transmit_IT
                0x000000000800565e       0xa0 ./Drivers/STM32F4xx_HAL_Driver/Src/stm32f4xx_hal_uart.o
 .text.UART_EndTransmit_IT
                0x00000000080056fe       0x30 ./Drivers/STM32F4xx_HAL_Driver/Src/stm32f4xx_hal_uart.o
 .text.UART_Receive_IT
                0x000000000800572e      0x176 ./Drivers/STM32F4xx_HAL_Driver/Src/stm32f4xx_hal_uart.o
 .text.UART_SetConfig
                0x00000000080058a4      0x390 ./Drivers/STM32F4xx_HAL_Driver/Src/stm32f4xx_hal_uart.o
 .text.vListInitialise
                0x0000000008005c34       0x40 ./Middlewares/Third_Party/FreeRTOS/Source/list.o
                0x0000000008005c34                vListInitialise
 .text.vListInitialiseItem
                0x0000000008005c74       0x1a ./Middlewares/Third_Party/FreeRTOS/Source/list.o
                0x0000000008005c74                vListInitialiseItem
 .text.vListInsertEnd
                0x0000000008005c8e       0x48 ./Middlewares/Third_Party/FreeRTOS/Source/list.o
                0x0000000008005c8e                vListInsertEnd
 .text.vListInsert
                0x0000000008005cd6       0x72 ./Middlewares/Third_Party/FreeRTOS/Source/list.o
                0x0000000008005cd6                vListInsert
 .text.uxListRemove
                0x0000000008005d48       0x54 ./Middlewares/Third_Party/FreeRTOS/Source/list.o
                0x0000000008005d48                uxListRemove
 .text.xQueueGenericReset
                0x0000000008005d9c       0xd0 ./Middlewares/Third_Party/FreeRTOS/Source/queue.o
                0x0000000008005d9c                xQueueGenericReset
 .text.xQueueGenericCreate
                0x0000000008005e6c       0x74 ./Middlewares/Third_Party/FreeRTOS/Source/queue.o
                0x0000000008005e6c                xQueueGenericCreate
 .text.prvInitialiseNewQueue
                0x0000000008005ee0       0x3e ./Middlewares/Third_Party/FreeRTOS/Source/queue.o
 .text.prvInitialiseMutex
                0x0000000008005f1e       0x34 ./Middlewares/Third_Party/FreeRTOS/Source/queue.o
 .text.xQueueCreateMutex
                0x0000000008005f52       0x30 ./Middlewares/Third_Party/FreeRTOS/Source/queue.o
                0x0000000008005f52                xQueueCreateMutex
 *fill*         0x0000000008005f82        0x2 
 .text.xQueueGenericSend
                0x0000000008005f84      0x1fc ./Middlewares/Third_Party/FreeRTOS/Source/queue.o
                0x0000000008005f84                xQueueGenericSend
 .text.xQueueReceive
                0x0000000008006180      0x1c0 ./Middlewares/Third_Party/FreeRTOS/Source/queue.o
                0x0000000008006180                xQueueReceive
 .text.xQueueSemaphoreTake
                0x0000000008006340      0x218 ./Middlewares/Third_Party/FreeRTOS/Source/queue.o
                0x0000000008006340                xQueueSemaphoreTake
 .text.prvGetDisinheritPriorityAfterTimeout
                0x0000000008006558       0x30 ./Middlewares/Third_Party/FreeRTOS/Source/queue.o
 .text.prvCopyDataToQueue
                0x0000000008006588       0xd4 ./Middlewares/Third_Party/FreeRTOS/Source/queue.o
 .text.prvCopyDataFromQueue
                0x000000000800665c       0x4c ./Middlewares/Third_Party/FreeRTOS/Source/queue.o
 .text.prvUnlockQueue
                0x00000000080066a8       0xa4 ./Middlewares/Third_Party/FreeRTOS/Source/queue.o
 .text.prvIsQueueEmpty
                0x000000000800674c       0x2c ./Middlewares/Third_Party/FreeRTOS/Source/queue.o
 .text.prvIsQueueFull
                0x0000000008006778       0x30 ./Middlewares/Third_Party/FreeRTOS/Source/queue.o
 .text.xTaskCreateStatic
                0x00000000080067a8       0xba ./Middlewares/Third_Party/FreeRTOS/Source/tasks.o
                0x00000000080067a8                xTaskCreateStatic
 .text.xTaskCreate
                0x0000000008006862       0x8a ./Middlewares/Third_Party/FreeRTOS/Source/tasks.o
                0x0000000008006862                xTaskCreate
 .text.prvInitialiseNewTask
                0x00000000080068ec      0x13c ./Middlewares/Third_Party/FreeRTOS/Source/tasks.o
 .text.prvAddNewTaskToReadyList
                0x0000000008006a28       0xd4 ./Middlewares/Third_Party/FreeRTOS/Source/tasks.o
 .text.vTaskDelay
                0x0000000008006afc       0x68 ./Middlewares/Third_Party/FreeRTOS/Source/tasks.o
                0x0000000008006afc                vTaskDelay
 .text.vTaskStartScheduler
                0x0000000008006b64       0xd4 ./Middlewares/Third_Party/FreeRTOS/Source/tasks.o
                0x0000000008006b64                vTaskStartScheduler
 .text.vTaskSuspendAll
                0x0000000008006c38       0x1c ./Middlewares/Third_Party/FreeRTOS/Source/tasks.o
                0x0000000008006c38                vTaskSuspendAll
 .text.xTaskResumeAll
                0x0000000008006c54      0x138 ./Middlewares/Third_Party/FreeRTOS/Source/tasks.o
                0x0000000008006c54                xTaskResumeAll
 .text.xTaskIncrementTick
                0x0000000008006d8c      0x170 ./Middlewares/Third_Party/FreeRTOS/Source/tasks.o
                0x0000000008006d8c                xTaskIncrementTick
 .text.vTaskSwitchContext
                0x0000000008006efc       0xc4 ./Middlewares/Third_Party/FreeRTOS/Source/tasks.o
                0x0000000008006efc                vTaskSwitchContext
 .text.vTaskPlaceOnEventList
                0x0000000008006fc0       0x48 ./Middlewares/Third_Party/FreeRTOS/Source/tasks.o
                0x0000000008006fc0                vTaskPlaceOnEventList
 .text.xTaskRemoveFromEventList
                0x0000000008007008       0xc4 ./Middlewares/Third_Party/FreeRTOS/Source/tasks.o
                0x0000000008007008                xTaskRemoveFromEventList
 .text.vTaskInternalSetTimeOutState
                0x00000000080070cc       0x2c ./Middlewares/Third_Party/FreeRTOS/Source/tasks.o
                0x00000000080070cc                vTaskInternalSetTimeOutState
 .text.xTaskCheckForTimeOut
                0x00000000080070f8       0xc4 ./Middlewares/Third_Party/FreeRTOS/Source/tasks.o
                0x00000000080070f8                xTaskCheckForTimeOut
 .text.vTaskMissedYield
                0x00000000080071bc       0x18 ./Middlewares/Third_Party/FreeRTOS/Source/tasks.o
                0x00000000080071bc                vTaskMissedYield
 .text.prvIdleTask
                0x00000000080071d4       0x30 ./Middlewares/Third_Party/FreeRTOS/Source/tasks.o
 .text.prvInitialiseTaskLists
                0x0000000008007204       0x80 ./Middlewares/Third_Party/FreeRTOS/Source/tasks.o
 .text.prvCheckTasksWaitingTermination
                0x0000000008007284       0x5c ./Middlewares/Third_Party/FreeRTOS/Source/tasks.o
 .text.prvDeleteTCB
                0x00000000080072e0       0x68 ./Middlewares/Third_Party/FreeRTOS/Source/tasks.o
 .text.prvResetNextTaskUnblockTime
                0x0000000008007348       0x40 ./Middlewares/Third_Party/FreeRTOS/Source/tasks.o
 .text.xTaskGetSchedulerState
                0x0000000008007388       0x3c ./Middlewares/Third_Party/FreeRTOS/Source/tasks.o
                0x0000000008007388                xTaskGetSchedulerState
 .text.xTaskPriorityInherit
                0x00000000080073c4       0xec ./Middlewares/Third_Party/FreeRTOS/Source/tasks.o
                0x00000000080073c4                xTaskPriorityInherit
 .text.xTaskPriorityDisinherit
                0x00000000080074b0      0x10c ./Middlewares/Third_Party/FreeRTOS/Source/tasks.o
                0x00000000080074b0                xTaskPriorityDisinherit
 .text.vTaskPriorityDisinheritAfterTimeout
                0x00000000080075bc      0x11c ./Middlewares/Third_Party/FreeRTOS/Source/tasks.o
                0x00000000080075bc                vTaskPriorityDisinheritAfterTimeout
 .text.pvTaskIncrementMutexHeldCount
                0x00000000080076d8       0x28 ./Middlewares/Third_Party/FreeRTOS/Source/tasks.o
                0x00000000080076d8                pvTaskIncrementMutexHeldCount
 .text.prvAddCurrentTaskToDelayedList
                0x0000000008007700       0xcc ./Middlewares/Third_Party/FreeRTOS/Source/tasks.o
 .text.pxPortInitialiseStack
                0x00000000080077cc       0x68 ./Middlewares/Third_Party/FreeRTOS/Source/portable/GCC/ARM_CM4F/port.o
                0x00000000080077cc                pxPortInitialiseStack
 .text.prvTaskExitError
                0x0000000008007834       0x58 ./Middlewares/Third_Party/FreeRTOS/Source/portable/GCC/ARM_CM4F/port.o
 *fill*         0x000000000800788c        0x4 
 .text.SVC_Handler
                0x0000000008007890       0x28 ./Middlewares/Third_Party/FreeRTOS/Source/portable/GCC/ARM_CM4F/port.o
                0x0000000008007890                SVC_Handler
 .text.prvPortStartFirstTask
                0x00000000080078b8       0x28 ./Middlewares/Third_Party/FreeRTOS/Source/portable/GCC/ARM_CM4F/port.o
 .text.xPortStartScheduler
                0x00000000080078e0      0x144 ./Middlewares/Third_Party/FreeRTOS/Source/portable/GCC/ARM_CM4F/port.o
                0x00000000080078e0                xPortStartScheduler
 .text.vPortEnterCritical
                0x0000000008007a24       0x60 ./Middlewares/Third_Party/FreeRTOS/Source/portable/GCC/ARM_CM4F/port.o
                0x0000000008007a24                vPortEnterCritical
 .text.vPortExitCritical
                0x0000000008007a84       0x54 ./Middlewares/Third_Party/FreeRTOS/Source/portable/GCC/ARM_CM4F/port.o
                0x0000000008007a84                vPortExitCritical
 *fill*         0x0000000008007ad8        0x8 
 .text.PendSV_Handler
                0x0000000008007ae0       0x68 ./Middlewares/Third_Party/FreeRTOS/Source/portable/GCC/ARM_CM4F/port.o
                0x0000000008007ae0                PendSV_Handler
 .text.SysTick_Handler
                0x0000000008007b48       0x44 ./Middlewares/Third_Party/FreeRTOS/Source/portable/GCC/ARM_CM4F/port.o
                0x0000000008007b48                SysTick_Handler
 .text.vPortSetupTimerInterrupt
                0x0000000008007b8c       0x48 ./Middlewares/Third_Party/FreeRTOS/Source/portable/GCC/ARM_CM4F/port.o
                0x0000000008007b8c                vPortSetupTimerInterrupt
 .text.vPortEnableVFP
                0x0000000008007bd4       0x14 ./Middlewares/Third_Party/FreeRTOS/Source/portable/GCC/ARM_CM4F/port.o
 .text.pvPortMalloc
                0x0000000008007be8      0x198 ./Middlewares/Third_Party/FreeRTOS/Source/portable/MemMang/heap_4.o
                0x0000000008007be8                pvPortMalloc
 .text.vPortFree
                0x0000000008007d80       0xc4 ./Middlewares/Third_Party/FreeRTOS/Source/portable/MemMang/heap_4.o
                0x0000000008007d80                vPortFree
 .text.prvHeapInit
                0x0000000008007e44       0xc4 ./Middlewares/Third_Party/FreeRTOS/Source/portable/MemMang/heap_4.o
 .text.prvInsertBlockIntoFreeList
                0x0000000008007f08       0xb4 ./Middlewares/Third_Party/FreeRTOS/Source/portable/MemMang/heap_4.o
 .text.__errno  0x0000000008007fbc        0xc c:/st/stm32cubeide_1.7.0/stm32cubeide/plugins/com.st.stm32cube.ide.mcu.externaltools.gnu-tools-for-stm32.9-2020-q2-update.win32_2.0.0.202105311346/tools/bin/../lib/gcc/arm-none-eabi/9.3.1/../../../../arm-none-eabi/lib/thumb/v7e-m+fp/hard\libc_nano.a(lib_a-errno.o)
                0x0000000008007fbc                __errno
 .text.std      0x0000000008007fc8       0x48 c:/st/stm32cubeide_1.7.0/stm32cubeide/plugins/com.st.stm32cube.ide.mcu.externaltools.gnu-tools-for-stm32.9-2020-q2-update.win32_2.0.0.202105311346/tools/bin/../lib/gcc/arm-none-eabi/9.3.1/../../../../arm-none-eabi/lib/thumb/v7e-m+fp/hard\libc_nano.a(lib_a-findfp.o)
 .text._cleanup_r
                0x0000000008008010        0xc c:/st/stm32cubeide_1.7.0/stm32cubeide/plugins/com.st.stm32cube.ide.mcu.externaltools.gnu-tools-for-stm32.9-2020-q2-update.win32_2.0.0.202105311346/tools/bin/../lib/gcc/arm-none-eabi/9.3.1/../../../../arm-none-eabi/lib/thumb/v7e-m+fp/hard\libc_nano.a(lib_a-findfp.o)
                0x0000000008008010                _cleanup_r
 .text.__sfmoreglue
                0x000000000800801c       0x2c c:/st/stm32cubeide_1.7.0/stm32cubeide/plugins/com.st.stm32cube.ide.mcu.externaltools.gnu-tools-for-stm32.9-2020-q2-update.win32_2.0.0.202105311346/tools/bin/../lib/gcc/arm-none-eabi/9.3.1/../../../../arm-none-eabi/lib/thumb/v7e-m+fp/hard\libc_nano.a(lib_a-findfp.o)
                0x000000000800801c                __sfmoreglue
 .text.__sfp_lock_acquire
                0x0000000008008048        0xc c:/st/stm32cubeide_1.7.0/stm32cubeide/plugins/com.st.stm32cube.ide.mcu.externaltools.gnu-tools-for-stm32.9-2020-q2-update.win32_2.0.0.202105311346/tools/bin/../lib/gcc/arm-none-eabi/9.3.1/../../../../arm-none-eabi/lib/thumb/v7e-m+fp/hard\libc_nano.a(lib_a-findfp.o)
                0x0000000008008048                __sfp_lock_acquire
 .text.__sfp_lock_release
                0x0000000008008054        0xc c:/st/stm32cubeide_1.7.0/stm32cubeide/plugins/com.st.stm32cube.ide.mcu.externaltools.gnu-tools-for-stm32.9-2020-q2-update.win32_2.0.0.202105311346/tools/bin/../lib/gcc/arm-none-eabi/9.3.1/../../../../arm-none-eabi/lib/thumb/v7e-m+fp/hard\libc_nano.a(lib_a-findfp.o)
                0x0000000008008054                __sfp_lock_release
 .text.__sinit_lock_acquire
                0x0000000008008060        0xc c:/st/stm32cubeide_1.7.0/stm32cubeide/plugins/com.st.stm32cube.ide.mcu.externaltools.gnu-tools-for-stm32.9-2020-q2-update.win32_2.0.0.202105311346/tools/bin/../lib/gcc/arm-none-eabi/9.3.1/../../../../arm-none-eabi/lib/thumb/v7e-m+fp/hard\libc_nano.a(lib_a-findfp.o)
                0x0000000008008060                __sinit_lock_acquire
 .text.__sinit_lock_release
                0x000000000800806c        0xc c:/st/stm32cubeide_1.7.0/stm32cubeide/plugins/com.st.stm32cube.ide.mcu.externaltools.gnu-tools-for-stm32.9-2020-q2-update.win32_2.0.0.202105311346/tools/bin/../lib/gcc/arm-none-eabi/9.3.1/../../../../arm-none-eabi/lib/thumb/v7e-m+fp/hard\libc_nano.a(lib_a-findfp.o)
                0x000000000800806c                __sinit_lock_release
 .text.__sinit  0x0000000008008078       0x70 c:/st/stm32cubeide_1.7.0/stm32cubeide/plugins/com.st.stm32cube.ide.mcu.externaltools.gnu-tools-for-stm32.9-2020-q2-update.win32_2.0.0.202105311346/tools/bin/../lib/gcc/arm-none-eabi/9.3.1/../../../../arm-none-eabi/lib/thumb/v7e-m+fp/hard\libc_nano.a(lib_a-findfp.o)
                0x0000000008008078                __sinit
 .text.__sfp    0x00000000080080e8       0x8c c:/st/stm32cubeide_1.7.0/stm32cubeide/plugins/com.st.stm32cube.ide.mcu.externaltools.gnu-tools-for-stm32.9-2020-q2-update.win32_2.0.0.202105311346/tools/bin/../lib/gcc/arm-none-eabi/9.3.1/../../../../arm-none-eabi/lib/thumb/v7e-m+fp/hard\libc_nano.a(lib_a-findfp.o)
                0x00000000080080e8                __sfp
 .text._fwalk_reent
                0x0000000008008174       0x3e c:/st/stm32cubeide_1.7.0/stm32cubeide/plugins/com.st.stm32cube.ide.mcu.externaltools.gnu-tools-for-stm32.9-2020-q2-update.win32_2.0.0.202105311346/tools/bin/../lib/gcc/arm-none-eabi/9.3.1/../../../../arm-none-eabi/lib/thumb/v7e-m+fp/hard\libc_nano.a(lib_a-fwalk.o)
                0x0000000008008174                _fwalk_reent
 *fill*         0x00000000080081b2        0x2 
 .text.__libc_init_array
                0x00000000080081b4       0x48 c:/st/stm32cubeide_1.7.0/stm32cubeide/plugins/com.st.stm32cube.ide.mcu.externaltools.gnu-tools-for-stm32.9-2020-q2-update.win32_2.0.0.202105311346/tools/bin/../lib/gcc/arm-none-eabi/9.3.1/../../../../arm-none-eabi/lib/thumb/v7e-m+fp/hard\libc_nano.a(lib_a-init.o)
                0x00000000080081b4                __libc_init_array
 .text.__retarget_lock_init_recursive
                0x00000000080081fc        0x2 c:/st/stm32cubeide_1.7.0/stm32cubeide/plugins/com.st.stm32cube.ide.mcu.externaltools.gnu-tools-for-stm32.9-2020-q2-update.win32_2.0.0.202105311346/tools/bin/../lib/gcc/arm-none-eabi/9.3.1/../../../../arm-none-eabi/lib/thumb/v7e-m+fp/hard\libc_nano.a(lib_a-lock.o)
                0x00000000080081fc                __retarget_lock_init_recursive
 .text.__retarget_lock_acquire_recursive
                0x00000000080081fe        0x2 c:/st/stm32cubeide_1.7.0/stm32cubeide/plugins/com.st.stm32cube.ide.mcu.externaltools.gnu-tools-for-stm32.9-2020-q2-update.win32_2.0.0.202105311346/tools/bin/../lib/gcc/arm-none-eabi/9.3.1/../../../../arm-none-eabi/lib/thumb/v7e-m+fp/hard\libc_nano.a(lib_a-lock.o)
                0x00000000080081fe                __retarget_lock_acquire_recursive
 .text.__retarget_lock_release_recursive
                0x0000000008008200        0x2 c:/st/stm32cubeide_1.7.0/stm32cubeide/plugins/com.st.stm32cube.ide.mcu.externaltools.gnu-tools-for-stm32.9-2020-q2-update.win32_2.0.0.202105311346/tools/bin/../lib/gcc/arm-none-eabi/9.3.1/../../../../arm-none-eabi/lib/thumb/v7e-m+fp/hard\libc_nano.a(lib_a-lock.o)
                0x0000000008008200                __retarget_lock_release_recursive
 *fill*         0x0000000008008202        0x2 
 .text.malloc   0x0000000008008204       0x10 c:/st/stm32cubeide_1.7.0/stm32cubeide/plugins/com.st.stm32cube.ide.mcu.externaltools.gnu-tools-for-stm32.9-2020-q2-update.win32_2.0.0.202105311346/tools/bin/../lib/gcc/arm-none-eabi/9.3.1/../../../../arm-none-eabi/lib/thumb/v7e-m+fp/hard\libc_nano.a(lib_a-malloc.o)
                0x0000000008008204                malloc
 .text.free     0x0000000008008214       0x10 c:/st/stm32cubeide_1.7.0/stm32cubeide/plugins/com.st.stm32cube.ide.mcu.externaltools.gnu-tools-for-stm32.9-2020-q2-update.win32_2.0.0.202105311346/tools/bin/../lib/gcc/arm-none-eabi/9.3.1/../../../../arm-none-eabi/lib/thumb/v7e-m+fp/hard\libc_nano.a(lib_a-malloc.o)
                0x0000000008008214                free
 .text.memcpy   0x0000000008008224       0x1c c:/st/stm32cubeide_1.7.0/stm32cubeide/plugins/com.st.stm32cube.ide.mcu.externaltools.gnu-tools-for-stm32.9-2020-q2-update.win32_2.0.0.202105311346/tools/bin/../lib/gcc/arm-none-eabi/9.3.1/../../../../arm-none-eabi/lib/thumb/v7e-m+fp/hard\libc_nano.a(lib_a-memcpy-stub.o)
                0x0000000008008224                memcpy
 .text.memset   0x0000000008008240       0x10 c:/st/stm32cubeide_1.7.0/stm32cubeide/plugins/com.st.stm32cube.ide.mcu.externaltools.gnu-tools-for-stm32.9-2020-q2-update.win32_2.0.0.202105311346/tools/bin/../lib/gcc/arm-none-eabi/9.3.1/../../../../arm-none-eabi/lib/thumb/v7e-m+fp/hard\libc_nano.a(lib_a-memset.o)
                0x0000000008008240                memset
 .text._free_r  0x0000000008008250       0xa0 c:/st/stm32cubeide_1.7.0/stm32cubeide/plugins/com.st.stm32cube.ide.mcu.externaltools.gnu-tools-for-stm32.9-2020-q2-update.win32_2.0.0.202105311346/tools/bin/../lib/gcc/arm-none-eabi/9.3.1/../../../../arm-none-eabi/lib/thumb/v7e-m+fp/hard\libc_nano.a(lib_a-nano-freer.o)
                0x0000000008008250                _free_r
 .text._malloc_r
                0x00000000080082f0       0xb4 c:/st/stm32cubeide_1.7.0/stm32cubeide/plugins/com.st.stm32cube.ide.mcu.externaltools.gnu-tools-for-stm32.9-2020-q2-update.win32_2.0.0.202105311346/tools/bin/../lib/gcc/arm-none-eabi/9.3.1/../../../../arm-none-eabi/lib/thumb/v7e-m+fp/hard\libc_nano.a(lib_a-nano-mallocr.o)
                0x00000000080082f0                _malloc_r
 .text.cleanup_glue
                0x00000000080083a4       0x1a c:/st/stm32cubeide_1.7.0/stm32cubeide/plugins/com.st.stm32cube.ide.mcu.externaltools.gnu-tools-for-stm32.9-2020-q2-update.win32_2.0.0.202105311346/tools/bin/../lib/gcc/arm-none-eabi/9.3.1/../../../../arm-none-eabi/lib/thumb/v7e-m+fp/hard\libc_nano.a(lib_a-reent.o)
                0x00000000080083a4                cleanup_glue
 *fill*         0x00000000080083be        0x2 
 .text._reclaim_reent
                0x00000000080083c0       0xb8 c:/st/stm32cubeide_1.7.0/stm32cubeide/plugins/com.st.stm32cube.ide.mcu.externaltools.gnu-tools-for-stm32.9-2020-q2-update.win32_2.0.0.202105311346/tools/bin/../lib/gcc/arm-none-eabi/9.3.1/../../../../arm-none-eabi/lib/thumb/v7e-m+fp/hard\libc_nano.a(lib_a-reent.o)
                0x00000000080083c0                _reclaim_reent
 .text._sbrk_r  0x0000000008008478       0x20 c:/st/stm32cubeide_1.7.0/stm32cubeide/plugins/com.st.stm32cube.ide.mcu.externaltools.gnu-tools-for-stm32.9-2020-q2-update.win32_2.0.0.202105311346/tools/bin/../lib/gcc/arm-none-eabi/9.3.1/../../../../arm-none-eabi/lib/thumb/v7e-m+fp/hard\libc_nano.a(lib_a-sbrkr.o)
                0x0000000008008478                _sbrk_r
 .text.sprintf  0x0000000008008498       0x40 c:/st/stm32cubeide_1.7.0/stm32cubeide/plugins/com.st.stm32cube.ide.mcu.externaltools.gnu-tools-for-stm32.9-2020-q2-update.win32_2.0.0.202105311346/tools/bin/../lib/gcc/arm-none-eabi/9.3.1/../../../../arm-none-eabi/lib/thumb/v7e-m+fp/hard\libc_nano.a(lib_a-sprintf.o)
                0x0000000008008498                siprintf
                0x0000000008008498                sprintf
 .text.__sread  0x00000000080084d8       0x22 c:/st/stm32cubeide_1.7.0/stm32cubeide/plugins/com.st.stm32cube.ide.mcu.externaltools.gnu-tools-for-stm32.9-2020-q2-update.win32_2.0.0.202105311346/tools/bin/../lib/gcc/arm-none-eabi/9.3.1/../../../../arm-none-eabi/lib/thumb/v7e-m+fp/hard\libc_nano.a(lib_a-stdio.o)
                0x00000000080084d8                __sread
 .text.__swrite
                0x00000000080084fa       0x38 c:/st/stm32cubeide_1.7.0/stm32cubeide/plugins/com.st.stm32cube.ide.mcu.externaltools.gnu-tools-for-stm32.9-2020-q2-update.win32_2.0.0.202105311346/tools/bin/../lib/gcc/arm-none-eabi/9.3.1/../../../../arm-none-eabi/lib/thumb/v7e-m+fp/hard\libc_nano.a(lib_a-stdio.o)
                0x00000000080084fa                __swrite
 .text.__sseek  0x0000000008008532       0x24 c:/st/stm32cubeide_1.7.0/stm32cubeide/plugins/com.st.stm32cube.ide.mcu.externaltools.gnu-tools-for-stm32.9-2020-q2-update.win32_2.0.0.202105311346/tools/bin/../lib/gcc/arm-none-eabi/9.3.1/../../../../arm-none-eabi/lib/thumb/v7e-m+fp/hard\libc_nano.a(lib_a-stdio.o)
                0x0000000008008532                __sseek
 .text.__sclose
                0x0000000008008556        0x8 c:/st/stm32cubeide_1.7.0/stm32cubeide/plugins/com.st.stm32cube.ide.mcu.externaltools.gnu-tools-for-stm32.9-2020-q2-update.win32_2.0.0.202105311346/tools/bin/../lib/gcc/arm-none-eabi/9.3.1/../../../../arm-none-eabi/lib/thumb/v7e-m+fp/hard\libc_nano.a(lib_a-stdio.o)
                0x0000000008008556                __sclose
 .text.strcat   0x000000000800855e       0x1e c:/st/stm32cubeide_1.7.0/stm32cubeide/plugins/com.st.stm32cube.ide.mcu.externaltools.gnu-tools-for-stm32.9-2020-q2-update.win32_2.0.0.202105311346/tools/bin/../lib/gcc/arm-none-eabi/9.3.1/../../../../arm-none-eabi/lib/thumb/v7e-m+fp/hard\libc_nano.a(lib_a-strcat.o)
                0x000000000800855e                strcat
 .text.strcpy   0x000000000800857c       0x10 c:/st/stm32cubeide_1.7.0/stm32cubeide/plugins/com.st.stm32cube.ide.mcu.externaltools.gnu-tools-for-stm32.9-2020-q2-update.win32_2.0.0.202105311346/tools/bin/../lib/gcc/arm-none-eabi/9.3.1/../../../../arm-none-eabi/lib/thumb/v7e-m+fp/hard\libc_nano.a(lib_a-strcpy.o)
                0x000000000800857c                strcpy
 .text.strtok   0x000000000800858c       0x68 c:/st/stm32cubeide_1.7.0/stm32cubeide/plugins/com.st.stm32cube.ide.mcu.externaltools.gnu-tools-for-stm32.9-2020-q2-update.win32_2.0.0.202105311346/tools/bin/../lib/gcc/arm-none-eabi/9.3.1/../../../../arm-none-eabi/lib/thumb/v7e-m+fp/hard\libc_nano.a(lib_a-strtok.o)
                0x000000000800858c                strtok
 .text.__strtok_r
                0x00000000080085f4       0x50 c:/st/stm32cubeide_1.7.0/stm32cubeide/plugins/com.st.stm32cube.ide.mcu.externaltools.gnu-tools-for-stm32.9-2020-q2-update.win32_2.0.0.202105311346/tools/bin/../lib/gcc/arm-none-eabi/9.3.1/../../../../arm-none-eabi/lib/thumb/v7e-m+fp/hard\libc_nano.a(lib_a-strtok_r.o)
                0x00000000080085f4                __strtok_r
 .text._strtoul_l.isra.0
                0x0000000008008644       0xf8 c:/st/stm32cubeide_1.7.0/stm32cubeide/plugins/com.st.stm32cube.ide.mcu.externaltools.gnu-tools-for-stm32.9-2020-q2-update.win32_2.0.0.202105311346/tools/bin/../lib/gcc/arm-none-eabi/9.3.1/../../../../arm-none-eabi/lib/thumb/v7e-m+fp/hard\libc_nano.a(lib_a-strtoul.o)
 .text.strtoul  0x000000000800873c       0x14 c:/st/stm32cubeide_1.7.0/stm32cubeide/plugins/com.st.stm32cube.ide.mcu.externaltools.gnu-tools-for-stm32.9-2020-q2-update.win32_2.0.0.202105311346/tools/bin/../lib/gcc/arm-none-eabi/9.3.1/../../../../arm-none-eabi/lib/thumb/v7e-m+fp/hard\libc_nano.a(lib_a-strtoul.o)
                0x000000000800873c                strtoul
 .text._write_r
                0x0000000008008750       0x24 c:/st/stm32cubeide_1.7.0/stm32cubeide/plugins/com.st.stm32cube.ide.mcu.externaltools.gnu-tools-for-stm32.9-2020-q2-update.win32_2.0.0.202105311346/tools/bin/../lib/gcc/arm-none-eabi/9.3.1/../../../../arm-none-eabi/lib/thumb/v7e-m+fp/hard\libc_nano.a(lib_a-writer.o)
                0x0000000008008750                _write_r
 .text.__assert_func
                0x0000000008008774       0x3c c:/st/stm32cubeide_1.7.0/stm32cubeide/plugins/com.st.stm32cube.ide.mcu.externaltools.gnu-tools-for-stm32.9-2020-q2-update.win32_2.0.0.202105311346/tools/bin/../lib/gcc/arm-none-eabi/9.3.1/../../../../arm-none-eabi/lib/thumb/v7e-m+fp/hard\libc_nano.a(lib_a-assert.o)
                0x0000000008008774                __assert_func
 .text._close_r
                0x00000000080087b0       0x20 c:/st/stm32cubeide_1.7.0/stm32cubeide/plugins/com.st.stm32cube.ide.mcu.externaltools.gnu-tools-for-stm32.9-2020-q2-update.win32_2.0.0.202105311346/tools/bin/../lib/gcc/arm-none-eabi/9.3.1/../../../../arm-none-eabi/lib/thumb/v7e-m+fp/hard\libc_nano.a(lib_a-closer.o)
                0x00000000080087b0                _close_r
 .text.__sflush_r
                0x00000000080087d0      0x10c c:/st/stm32cubeide_1.7.0/stm32cubeide/plugins/com.st.stm32cube.ide.mcu.externaltools.gnu-tools-for-stm32.9-2020-q2-update.win32_2.0.0.202105311346/tools/bin/../lib/gcc/arm-none-eabi/9.3.1/../../../../arm-none-eabi/lib/thumb/v7e-m+fp/hard\libc_nano.a(lib_a-fflush.o)
                0x00000000080087d0                __sflush_r
 .text._fflush_r
                0x00000000080088dc       0x78 c:/st/stm32cubeide_1.7.0/stm32cubeide/plugins/com.st.stm32cube.ide.mcu.externaltools.gnu-tools-for-stm32.9-2020-q2-update.win32_2.0.0.202105311346/tools/bin/../lib/gcc/arm-none-eabi/9.3.1/../../../../arm-none-eabi/lib/thumb/v7e-m+fp/hard\libc_nano.a(lib_a-fflush.o)
                0x00000000080088dc                _fflush_r
 .text.fprintf  0x0000000008008954       0x24 c:/st/stm32cubeide_1.7.0/stm32cubeide/plugins/com.st.stm32cube.ide.mcu.externaltools.gnu-tools-for-stm32.9-2020-q2-update.win32_2.0.0.202105311346/tools/bin/../lib/gcc/arm-none-eabi/9.3.1/../../../../arm-none-eabi/lib/thumb/v7e-m+fp/hard\libc_nano.a(lib_a-fprintf.o)
                0x0000000008008954                fiprintf
                0x0000000008008954                fprintf
 .text._lseek_r
                0x0000000008008978       0x24 c:/st/stm32cubeide_1.7.0/stm32cubeide/plugins/com.st.stm32cube.ide.mcu.externaltools.gnu-tools-for-stm32.9-2020-q2-update.win32_2.0.0.202105311346/tools/bin/../lib/gcc/arm-none-eabi/9.3.1/../../../../arm-none-eabi/lib/thumb/v7e-m+fp/hard\libc_nano.a(lib_a-lseekr.o)
                0x0000000008008978                _lseek_r
 .text.__malloc_lock
                0x000000000800899c        0xc c:/st/stm32cubeide_1.7.0/stm32cubeide/plugins/com.st.stm32cube.ide.mcu.externaltools.gnu-tools-for-stm32.9-2020-q2-update.win32_2.0.0.202105311346/tools/bin/../lib/gcc/arm-none-eabi/9.3.1/../../../../arm-none-eabi/lib/thumb/v7e-m+fp/hard\libc_nano.a(lib_a-mlock.o)
                0x000000000800899c                __malloc_lock
 .text.__malloc_unlock
                0x00000000080089a8        0xc c:/st/stm32cubeide_1.7.0/stm32cubeide/plugins/com.st.stm32cube.ide.mcu.externaltools.gnu-tools-for-stm32.9-2020-q2-update.win32_2.0.0.202105311346/tools/bin/../lib/gcc/arm-none-eabi/9.3.1/../../../../arm-none-eabi/lib/thumb/v7e-m+fp/hard\libc_nano.a(lib_a-mlock.o)
                0x00000000080089a8                __malloc_unlock
 .text.__ssputs_r
                0x00000000080089b4       0xb6 c:/st/stm32cubeide_1.7.0/stm32cubeide/plugins/com.st.stm32cube.ide.mcu.externaltools.gnu-tools-for-stm32.9-2020-q2-update.win32_2.0.0.202105311346/tools/bin/../lib/gcc/arm-none-eabi/9.3.1/../../../../arm-none-eabi/lib/thumb/v7e-m+fp/hard\libc_nano.a(lib_a-nano-svfprintf.o)
                0x00000000080089b4                __ssputs_r
 *fill*         0x0000000008008a6a        0x2 
 .text._svfprintf_r
                0x0000000008008a6c      0x200 c:/st/stm32cubeide_1.7.0/stm32cubeide/plugins/com.st.stm32cube.ide.mcu.externaltools.gnu-tools-for-stm32.9-2020-q2-update.win32_2.0.0.202105311346/tools/bin/../lib/gcc/arm-none-eabi/9.3.1/../../../../arm-none-eabi/lib/thumb/v7e-m+fp/hard\libc_nano.a(lib_a-nano-svfprintf.o)
                0x0000000008008a6c                _svfiprintf_r
                0x0000000008008a6c                _svfprintf_r
 .text.__sfputc_r
                0x0000000008008c6c       0x2e c:/st/stm32cubeide_1.7.0/stm32cubeide/plugins/com.st.stm32cube.ide.mcu.externaltools.gnu-tools-for-stm32.9-2020-q2-update.win32_2.0.0.202105311346/tools/bin/../lib/gcc/arm-none-eabi/9.3.1/../../../../arm-none-eabi/lib/thumb/v7e-m+fp/hard\libc_nano.a(lib_a-nano-vfprintf.o)
 .text.__sfputs_r
                0x0000000008008c9a       0x24 c:/st/stm32cubeide_1.7.0/stm32cubeide/plugins/com.st.stm32cube.ide.mcu.externaltools.gnu-tools-for-stm32.9-2020-q2-update.win32_2.0.0.202105311346/tools/bin/../lib/gcc/arm-none-eabi/9.3.1/../../../../arm-none-eabi/lib/thumb/v7e-m+fp/hard\libc_nano.a(lib_a-nano-vfprintf.o)
                0x0000000008008c9a                __sfputs_r
 *fill*         0x0000000008008cbe        0x2 
 .text._vfprintf_r
                0x0000000008008cc0      0x260 c:/st/stm32cubeide_1.7.0/stm32cubeide/plugins/com.st.stm32cube.ide.mcu.externaltools.gnu-tools-for-stm32.9-2020-q2-update.win32_2.0.0.202105311346/tools/bin/../lib/gcc/arm-none-eabi/9.3.1/../../../../arm-none-eabi/lib/thumb/v7e-m+fp/hard\libc_nano.a(lib_a-nano-vfprintf.o)
                0x0000000008008cc0                _vfprintf_r
                0x0000000008008cc0                _vfiprintf_r
 .text._printf_common
                0x0000000008008f20       0xda c:/st/stm32cubeide_1.7.0/stm32cubeide/plugins/com.st.stm32cube.ide.mcu.externaltools.gnu-tools-for-stm32.9-2020-q2-update.win32_2.0.0.202105311346/tools/bin/../lib/gcc/arm-none-eabi/9.3.1/../../../../arm-none-eabi/lib/thumb/v7e-m+fp/hard\libc_nano.a(lib_a-nano-vfprintf_i.o)
                0x0000000008008f20                _printf_common
 *fill*         0x0000000008008ffa        0x2 
 .text._printf_i
                0x0000000008008ffc      0x24c c:/st/stm32cubeide_1.7.0/stm32cubeide/plugins/com.st.stm32cube.ide.mcu.externaltools.gnu-tools-for-stm32.9-2020-q2-update.win32_2.0.0.202105311346/tools/bin/../lib/gcc/arm-none-eabi/9.3.1/../../../../arm-none-eabi/lib/thumb/v7e-m+fp/hard\libc_nano.a(lib_a-nano-vfprintf_i.o)
                0x0000000008008ffc                _printf_i
 .text._read_r  0x0000000008009248       0x24 c:/st/stm32cubeide_1.7.0/stm32cubeide/plugins/com.st.stm32cube.ide.mcu.externaltools.gnu-tools-for-stm32.9-2020-q2-update.win32_2.0.0.202105311346/tools/bin/../lib/gcc/arm-none-eabi/9.3.1/../../../../arm-none-eabi/lib/thumb/v7e-m+fp/hard\libc_nano.a(lib_a-readr.o)
                0x0000000008009248                _read_r
 .text.__swbuf_r
                0x000000000800926c       0xa4 c:/st/stm32cubeide_1.7.0/stm32cubeide/plugins/com.st.stm32cube.ide.mcu.externaltools.gnu-tools-for-stm32.9-2020-q2-update.win32_2.0.0.202105311346/tools/bin/../lib/gcc/arm-none-eabi/9.3.1/../../../../arm-none-eabi/lib/thumb/v7e-m+fp/hard\libc_nano.a(lib_a-wbuf.o)
                0x000000000800926c                __swbuf_r
 .text.__swsetup_r
                0x0000000008009310       0xdc c:/st/stm32cubeide_1.7.0/stm32cubeide/plugins/com.st.stm32cube.ide.mcu.externaltools.gnu-tools-for-stm32.9-2020-q2-update.win32_2.0.0.202105311346/tools/bin/../lib/gcc/arm-none-eabi/9.3.1/../../../../arm-none-eabi/lib/thumb/v7e-m+fp/hard\libc_nano.a(lib_a-wsetup.o)
                0x0000000008009310                __swsetup_r
 .text.abort    0x00000000080093ec        0xe c:/st/stm32cubeide_1.7.0/stm32cubeide/plugins/com.st.stm32cube.ide.mcu.externaltools.gnu-tools-for-stm32.9-2020-q2-update.win32_2.0.0.202105311346/tools/bin/../lib/gcc/arm-none-eabi/9.3.1/../../../../arm-none-eabi/lib/thumb/v7e-m+fp/hard\libc_nano.a(lib_a-abort.o)
                0x00000000080093ec                abort
 .text.__swhatbuf_r
                0x00000000080093fa       0x48 c:/st/stm32cubeide_1.7.0/stm32cubeide/plugins/com.st.stm32cube.ide.mcu.externaltools.gnu-tools-for-stm32.9-2020-q2-update.win32_2.0.0.202105311346/tools/bin/../lib/gcc/arm-none-eabi/9.3.1/../../../../arm-none-eabi/lib/thumb/v7e-m+fp/hard\libc_nano.a(lib_a-makebuf.o)
                0x00000000080093fa                __swhatbuf_r
 *fill*         0x0000000008009442        0x2 
 .text.__smakebuf_r
                0x0000000008009444       0x80 c:/st/stm32cubeide_1.7.0/stm32cubeide/plugins/com.st.stm32cube.ide.mcu.externaltools.gnu-tools-for-stm32.9-2020-q2-update.win32_2.0.0.202105311346/tools/bin/../lib/gcc/arm-none-eabi/9.3.1/../../../../arm-none-eabi/lib/thumb/v7e-m+fp/hard\libc_nano.a(lib_a-makebuf.o)
                0x0000000008009444                __smakebuf_r
 .text.memmove  0x00000000080094c4       0x34 c:/st/stm32cubeide_1.7.0/stm32cubeide/plugins/com.st.stm32cube.ide.mcu.externaltools.gnu-tools-for-stm32.9-2020-q2-update.win32_2.0.0.202105311346/tools/bin/../lib/gcc/arm-none-eabi/9.3.1/../../../../arm-none-eabi/lib/thumb/v7e-m+fp/hard\libc_nano.a(lib_a-memmove.o)
                0x00000000080094c4                memmove
 .text._realloc_r
                0x00000000080094f8       0x4c c:/st/stm32cubeide_1.7.0/stm32cubeide/plugins/com.st.stm32cube.ide.mcu.externaltools.gnu-tools-for-stm32.9-2020-q2-update.win32_2.0.0.202105311346/tools/bin/../lib/gcc/arm-none-eabi/9.3.1/../../../../arm-none-eabi/lib/thumb/v7e-m+fp/hard\libc_nano.a(lib_a-nano-reallocr.o)
                0x00000000080094f8                _realloc_r
 .text._raise_r
                0x0000000008009544       0x50 c:/st/stm32cubeide_1.7.0/stm32cubeide/plugins/com.st.stm32cube.ide.mcu.externaltools.gnu-tools-for-stm32.9-2020-q2-update.win32_2.0.0.202105311346/tools/bin/../lib/gcc/arm-none-eabi/9.3.1/../../../../arm-none-eabi/lib/thumb/v7e-m+fp/hard\libc_nano.a(lib_a-signal.o)
                0x0000000008009544                _raise_r
 .text.raise    0x0000000008009594       0x10 c:/st/stm32cubeide_1.7.0/stm32cubeide/plugins/com.st.stm32cube.ide.mcu.externaltools.gnu-tools-for-stm32.9-2020-q2-update.win32_2.0.0.202105311346/tools/bin/../lib/gcc/arm-none-eabi/9.3.1/../../../../arm-none-eabi/lib/thumb/v7e-m+fp/hard\libc_nano.a(lib_a-signal.o)
                0x0000000008009594                raise
 .text._kill_r  0x00000000080095a4       0x24 c:/st/stm32cubeide_1.7.0/stm32cubeide/plugins/com.st.stm32cube.ide.mcu.externaltools.gnu-tools-for-stm32.9-2020-q2-update.win32_2.0.0.202105311346/tools/bin/../lib/gcc/arm-none-eabi/9.3.1/../../../../arm-none-eabi/lib/thumb/v7e-m+fp/hard\libc_nano.a(lib_a-signalr.o)
                0x00000000080095a4                _kill_r
 .text._getpid_r
                0x00000000080095c8        0x4 c:/st/stm32cubeide_1.7.0/stm32cubeide/plugins/com.st.stm32cube.ide.mcu.externaltools.gnu-tools-for-stm32.9-2020-q2-update.win32_2.0.0.202105311346/tools/bin/../lib/gcc/arm-none-eabi/9.3.1/../../../../arm-none-eabi/lib/thumb/v7e-m+fp/hard\libc_nano.a(lib_a-signalr.o)
                0x00000000080095c8                _getpid_r
 .text._fstat_r
                0x00000000080095cc       0x24 c:/st/stm32cubeide_1.7.0/stm32cubeide/plugins/com.st.stm32cube.ide.mcu.externaltools.gnu-tools-for-stm32.9-2020-q2-update.win32_2.0.0.202105311346/tools/bin/../lib/gcc/arm-none-eabi/9.3.1/../../../../arm-none-eabi/lib/thumb/v7e-m+fp/hard\libc_nano.a(lib_a-fstatr.o)
                0x00000000080095cc                _fstat_r
 .text._isatty_r
                0x00000000080095f0       0x20 c:/st/stm32cubeide_1.7.0/stm32cubeide/plugins/com.st.stm32cube.ide.mcu.externaltools.gnu-tools-for-stm32.9-2020-q2-update.win32_2.0.0.202105311346/tools/bin/../lib/gcc/arm-none-eabi/9.3.1/../../../../arm-none-eabi/lib/thumb/v7e-m+fp/hard\libc_nano.a(lib_a-isattyr.o)
                0x00000000080095f0                _isatty_r
 .text._malloc_usable_size_r
                0x0000000008009610       0x10 c:/st/stm32cubeide_1.7.0/stm32cubeide/plugins/com.st.stm32cube.ide.mcu.externaltools.gnu-tools-for-stm32.9-2020-q2-update.win32_2.0.0.202105311346/tools/bin/../lib/gcc/arm-none-eabi/9.3.1/../../../../arm-none-eabi/lib/thumb/v7e-m+fp/hard\libc_nano.a(lib_a-nano-msizer.o)
                0x0000000008009610                _malloc_usable_size_r
 *(.glue_7)
 .glue_7        0x0000000008009620        0x0 linker stubs
 *(.glue_7t)
 .glue_7t       0x0000000008009620        0x0 linker stubs
 *(.eh_frame)
 .eh_frame      0x0000000008009620        0x0 c:/st/stm32cubeide_1.7.0/stm32cubeide/plugins/com.st.stm32cube.ide.mcu.externaltools.gnu-tools-for-stm32.9-2020-q2-update.win32_2.0.0.202105311346/tools/bin/../lib/gcc/arm-none-eabi/9.3.1/thumb/v7e-m+fp/hard/crtbegin.o
 *(.init)
 .init          0x0000000008009620        0x4 c:/st/stm32cubeide_1.7.0/stm32cubeide/plugins/com.st.stm32cube.ide.mcu.externaltools.gnu-tools-for-stm32.9-2020-q2-update.win32_2.0.0.202105311346/tools/bin/../lib/gcc/arm-none-eabi/9.3.1/thumb/v7e-m+fp/hard/crti.o
                0x0000000008009620                _init
 .init          0x0000000008009624        0x8 c:/st/stm32cubeide_1.7.0/stm32cubeide/plugins/com.st.stm32cube.ide.mcu.externaltools.gnu-tools-for-stm32.9-2020-q2-update.win32_2.0.0.202105311346/tools/bin/../lib/gcc/arm-none-eabi/9.3.1/thumb/v7e-m+fp/hard/crtn.o
 *(.fini)
 .fini          0x000000000800962c        0x4 c:/st/stm32cubeide_1.7.0/stm32cubeide/plugins/com.st.stm32cube.ide.mcu.externaltools.gnu-tools-for-stm32.9-2020-q2-update.win32_2.0.0.202105311346/tools/bin/../lib/gcc/arm-none-eabi/9.3.1/thumb/v7e-m+fp/hard/crti.o
                0x000000000800962c                _fini
 .fini          0x0000000008009630        0x8 c:/st/stm32cubeide_1.7.0/stm32cubeide/plugins/com.st.stm32cube.ide.mcu.externaltools.gnu-tools-for-stm32.9-2020-q2-update.win32_2.0.0.202105311346/tools/bin/../lib/gcc/arm-none-eabi/9.3.1/thumb/v7e-m+fp/hard/crtn.o
                0x0000000008009638                . = ALIGN (0x4)
                0x0000000008009638                _etext = .

.vfp11_veneer   0x0000000008009638        0x0
 .vfp11_veneer  0x0000000008009638        0x0 linker stubs

.v4_bx          0x0000000008009638        0x0
 .v4_bx         0x0000000008009638        0x0 linker stubs

.iplt           0x0000000008009638        0x0
 .iplt          0x0000000008009638        0x0 c:/st/stm32cubeide_1.7.0/stm32cubeide/plugins/com.st.stm32cube.ide.mcu.externaltools.gnu-tools-for-stm32.9-2020-q2-update.win32_2.0.0.202105311346/tools/bin/../lib/gcc/arm-none-eabi/9.3.1/thumb/v7e-m+fp/hard/crtbegin.o

.rodata         0x0000000008009638      0x934
                0x0000000008009638                . = ALIGN (0x4)
 *(.rodata)
 .rodata        0x0000000008009638      0x541 ./Core/Src/MY_NRF24.o
 *fill*         0x0000000008009b79        0x3 
 .rodata        0x0000000008009b7c      0x14e ./Core/Src/main.o
 *fill*         0x0000000008009cca        0x2 
 .rodata        0x0000000008009ccc       0x24 ./Core/Src/tasks_robocom.o
 .rodata        0x0000000008009cf0        0x5 ./Middlewares/Third_Party/FreeRTOS/Source/tasks.o
 *(.rodata*)
 *fill*         0x0000000008009cf5        0x3 
 .rodata.NRF24_ADDR_REGS
                0x0000000008009cf8        0x7 ./Core/Src/MY_NRF24.o
 *fill*         0x0000000008009cff        0x1 
 .rodata.RF24_RX_PW_PIPE
                0x0000000008009d00        0x6 ./Core/Src/MY_NRF24.o
 *fill*         0x0000000008009d06        0x2 
 .rodata.AHBPrescTable
                0x0000000008009d08       0x10 ./Core/Src/system_stm32f4xx.o
                0x0000000008009d08                AHBPrescTable
 .rodata.APBPrescTable
                0x0000000008009d18        0x8 ./Core/Src/system_stm32f4xx.o
                0x0000000008009d18                APBPrescTable
 .rodata.__sf_fake_stderr
                0x0000000008009d20       0x20 c:/st/stm32cubeide_1.7.0/stm32cubeide/plugins/com.st.stm32cube.ide.mcu.externaltools.gnu-tools-for-stm32.9-2020-q2-update.win32_2.0.0.202105311346/tools/bin/../lib/gcc/arm-none-eabi/9.3.1/../../../../arm-none-eabi/lib/thumb/v7e-m+fp/hard\libc_nano.a(lib_a-findfp.o)
                0x0000000008009d20                __sf_fake_stderr
 .rodata.__sf_fake_stdin
                0x0000000008009d40       0x20 c:/st/stm32cubeide_1.7.0/stm32cubeide/plugins/com.st.stm32cube.ide.mcu.externaltools.gnu-tools-for-stm32.9-2020-q2-update.win32_2.0.0.202105311346/tools/bin/../lib/gcc/arm-none-eabi/9.3.1/../../../../arm-none-eabi/lib/thumb/v7e-m+fp/hard\libc_nano.a(lib_a-findfp.o)
                0x0000000008009d40                __sf_fake_stdin
 .rodata.__sf_fake_stdout
                0x0000000008009d60       0x20 c:/st/stm32cubeide_1.7.0/stm32cubeide/plugins/com.st.stm32cube.ide.mcu.externaltools.gnu-tools-for-stm32.9-2020-q2-update.win32_2.0.0.202105311346/tools/bin/../lib/gcc/arm-none-eabi/9.3.1/../../../../arm-none-eabi/lib/thumb/v7e-m+fp/hard\libc_nano.a(lib_a-findfp.o)
                0x0000000008009d60                __sf_fake_stdout
 .rodata._global_impure_ptr
                0x0000000008009d80        0x4 c:/st/stm32cubeide_1.7.0/stm32cubeide/plugins/com.st.stm32cube.ide.mcu.externaltools.gnu-tools-for-stm32.9-2020-q2-update.win32_2.0.0.202105311346/tools/bin/../lib/gcc/arm-none-eabi/9.3.1/../../../../arm-none-eabi/lib/thumb/v7e-m+fp/hard\libc_nano.a(lib_a-impure.o)
                0x0000000008009d80                _global_impure_ptr
 .rodata.strtok.str1.1
                0x0000000008009d84       0x78 c:/st/stm32cubeide_1.7.0/stm32cubeide/plugins/com.st.stm32cube.ide.mcu.externaltools.gnu-tools-for-stm32.9-2020-q2-update.win32_2.0.0.202105311346/tools/bin/../lib/gcc/arm-none-eabi/9.3.1/../../../../arm-none-eabi/lib/thumb/v7e-m+fp/hard\libc_nano.a(lib_a-strtok.o)
 .rodata.__assert_func.str1.1
                0x0000000008009dfc       0x3c c:/st/stm32cubeide_1.7.0/stm32cubeide/plugins/com.st.stm32cube.ide.mcu.externaltools.gnu-tools-for-stm32.9-2020-q2-update.win32_2.0.0.202105311346/tools/bin/../lib/gcc/arm-none-eabi/9.3.1/../../../../arm-none-eabi/lib/thumb/v7e-m+fp/hard\libc_nano.a(lib_a-assert.o)
                                         0x3d (size before relaxing)
 .rodata._ctype_
                0x0000000008009e38      0x101 c:/st/stm32cubeide_1.7.0/stm32cubeide/plugins/com.st.stm32cube.ide.mcu.externaltools.gnu-tools-for-stm32.9-2020-q2-update.win32_2.0.0.202105311346/tools/bin/../lib/gcc/arm-none-eabi/9.3.1/../../../../arm-none-eabi/lib/thumb/v7e-m+fp/hard\libc_nano.a(lib_a-ctype_.o)
                0x0000000008009e38                _ctype_
 .rodata._svfprintf_r.str1.1
                0x0000000008009f39       0x11 c:/st/stm32cubeide_1.7.0/stm32cubeide/plugins/com.st.stm32cube.ide.mcu.externaltools.gnu-tools-for-stm32.9-2020-q2-update.win32_2.0.0.202105311346/tools/bin/../lib/gcc/arm-none-eabi/9.3.1/../../../../arm-none-eabi/lib/thumb/v7e-m+fp/hard\libc_nano.a(lib_a-nano-svfprintf.o)
 .rodata._vfprintf_r.str1.1
                0x0000000008009f4a       0x11 c:/st/stm32cubeide_1.7.0/stm32cubeide/plugins/com.st.stm32cube.ide.mcu.externaltools.gnu-tools-for-stm32.9-2020-q2-update.win32_2.0.0.202105311346/tools/bin/../lib/gcc/arm-none-eabi/9.3.1/../../../../arm-none-eabi/lib/thumb/v7e-m+fp/hard\libc_nano.a(lib_a-nano-vfprintf.o)
 .rodata._printf_i.str1.1
                0x0000000008009f4a       0x22 c:/st/stm32cubeide_1.7.0/stm32cubeide/plugins/com.st.stm32cube.ide.mcu.externaltools.gnu-tools-for-stm32.9-2020-q2-update.win32_2.0.0.202105311346/tools/bin/../lib/gcc/arm-none-eabi/9.3.1/../../../../arm-none-eabi/lib/thumb/v7e-m+fp/hard\libc_nano.a(lib_a-nano-vfprintf_i.o)
                0x0000000008009f6c                . = ALIGN (0x4)

.ARM.extab      0x0000000008009f6c        0x0
                0x0000000008009f6c                . = ALIGN (0x4)
 *(.ARM.extab* .gnu.linkonce.armextab.*)
                0x0000000008009f6c                . = ALIGN (0x4)

.ARM            0x0000000008009f6c        0x8
                0x0000000008009f6c                . = ALIGN (0x4)
                0x0000000008009f6c                __exidx_start = .
 *(.ARM.exidx*)
 .ARM.exidx     0x0000000008009f6c        0x8 c:/st/stm32cubeide_1.7.0/stm32cubeide/plugins/com.st.stm32cube.ide.mcu.externaltools.gnu-tools-for-stm32.9-2020-q2-update.win32_2.0.0.202105311346/tools/bin/../lib/gcc/arm-none-eabi/9.3.1/thumb/v7e-m+fp/hard\libgcc.a(_udivmoddi4.o)
                0x0000000008009f74                __exidx_end = .
                0x0000000008009f74                . = ALIGN (0x4)

.rel.dyn        0x0000000008009f74        0x0
 .rel.iplt      0x0000000008009f74        0x0 c:/st/stm32cubeide_1.7.0/stm32cubeide/plugins/com.st.stm32cube.ide.mcu.externaltools.gnu-tools-for-stm32.9-2020-q2-update.win32_2.0.0.202105311346/tools/bin/../lib/gcc/arm-none-eabi/9.3.1/thumb/v7e-m+fp/hard/crtbegin.o

.preinit_array  0x0000000008009f74        0x0
                0x0000000008009f74                . = ALIGN (0x4)
                0x0000000008009f74                PROVIDE (__preinit_array_start = .)
 *(.preinit_array*)
                0x0000000008009f74                PROVIDE (__preinit_array_end = .)
                0x0000000008009f74                . = ALIGN (0x4)

.init_array     0x0000000008009f74        0x4
                0x0000000008009f74                . = ALIGN (0x4)
                0x0000000008009f74                PROVIDE (__init_array_start = .)
 *(SORT_BY_NAME(.init_array.*))
 *(.init_array*)
 .init_array    0x0000000008009f74        0x4 c:/st/stm32cubeide_1.7.0/stm32cubeide/plugins/com.st.stm32cube.ide.mcu.externaltools.gnu-tools-for-stm32.9-2020-q2-update.win32_2.0.0.202105311346/tools/bin/../lib/gcc/arm-none-eabi/9.3.1/thumb/v7e-m+fp/hard/crtbegin.o
                0x0000000008009f78                PROVIDE (__init_array_end = .)
                0x0000000008009f78                . = ALIGN (0x4)

.fini_array     0x0000000008009f78        0x4
                0x0000000008009f78                . = ALIGN (0x4)
                [!provide]                        PROVIDE (__fini_array_start = .)
 *(SORT_BY_NAME(.fini_array.*))
 *(.fini_array*)
 .fini_array    0x0000000008009f78        0x4 c:/st/stm32cubeide_1.7.0/stm32cubeide/plugins/com.st.stm32cube.ide.mcu.externaltools.gnu-tools-for-stm32.9-2020-q2-update.win32_2.0.0.202105311346/tools/bin/../lib/gcc/arm-none-eabi/9.3.1/thumb/v7e-m+fp/hard/crtbegin.o
                [!provide]                        PROVIDE (__fini_array_end = .)
                0x0000000008009f7c                . = ALIGN (0x4)
                0x0000000008009f7c                _sidata = LOADADDR (.data)

.data           0x0000000020000000       0x74 load address 0x0000000008009f7c
                0x0000000020000000                . = ALIGN (0x4)
                0x0000000020000000                _sdata = .
 *(.data)
 *(.data*)
 .data.SystemCoreClock
                0x0000000020000000        0x4 ./Core/Src/system_stm32f4xx.o
                0x0000000020000000                SystemCoreClock
 .data.uwTickPrio
                0x0000000020000004        0x4 ./Drivers/STM32F4xx_HAL_Driver/Src/stm32f4xx_hal.o
                0x0000000020000004                uwTickPrio
 .data.uwTickFreq
                0x0000000020000008        0x1 ./Drivers/STM32F4xx_HAL_Driver/Src/stm32f4xx_hal.o
                0x0000000020000008                uwTickFreq
 *fill*         0x0000000020000009        0x3 
 .data.uxCriticalNesting
                0x000000002000000c        0x4 ./Middlewares/Third_Party/FreeRTOS/Source/portable/GCC/ARM_CM4F/port.o
 .data._impure_ptr
                0x0000000020000010        0x4 c:/st/stm32cubeide_1.7.0/stm32cubeide/plugins/com.st.stm32cube.ide.mcu.externaltools.gnu-tools-for-stm32.9-2020-q2-update.win32_2.0.0.202105311346/tools/bin/../lib/gcc/arm-none-eabi/9.3.1/../../../../arm-none-eabi/lib/thumb/v7e-m+fp/hard\libc_nano.a(lib_a-impure.o)
                0x0000000020000010                _impure_ptr
 .data.impure_data
                0x0000000020000014       0x60 c:/st/stm32cubeide_1.7.0/stm32cubeide/plugins/com.st.stm32cube.ide.mcu.externaltools.gnu-tools-for-stm32.9-2020-q2-update.win32_2.0.0.202105311346/tools/bin/../lib/gcc/arm-none-eabi/9.3.1/../../../../arm-none-eabi/lib/thumb/v7e-m+fp/hard\libc_nano.a(lib_a-impure.o)
 *(.RamFunc)
 *(.RamFunc*)
                0x0000000020000074                . = ALIGN (0x4)
                0x0000000020000074                _edata = .

.igot.plt       0x0000000020000074        0x0 load address 0x0000000008009ff0
 .igot.plt      0x0000000020000074        0x0 c:/st/stm32cubeide_1.7.0/stm32cubeide/plugins/com.st.stm32cube.ide.mcu.externaltools.gnu-tools-for-stm32.9-2020-q2-update.win32_2.0.0.202105311346/tools/bin/../lib/gcc/arm-none-eabi/9.3.1/thumb/v7e-m+fp/hard/crtbegin.o
                0x0000000020000074                . = ALIGN (0x4)

.bss            0x0000000020000078     0x4388 load address 0x0000000008009ff0
                0x0000000020000078                _sbss = .
                0x0000000020000078                __bss_start__ = _sbss
 *(.bss)
 .bss           0x0000000020000078       0x1c c:/st/stm32cubeide_1.7.0/stm32cubeide/plugins/com.st.stm32cube.ide.mcu.externaltools.gnu-tools-for-stm32.9-2020-q2-update.win32_2.0.0.202105311346/tools/bin/../lib/gcc/arm-none-eabi/9.3.1/thumb/v7e-m+fp/hard/crtbegin.o
 *(.bss*)
 *fill*         0x0000000020000094        0x4 
 .bss.pipe0_reading_address
                0x0000000020000098        0x8 ./Core/Src/MY_NRF24.o
 .bss.ack_payload_available
                0x00000000200000a0        0x1 ./Core/Src/MY_NRF24.o
 .bss.ack_payload_length
                0x00000000200000a1        0x1 ./Core/Src/MY_NRF24.o
 .bss.payload_size
                0x00000000200000a2        0x1 ./Core/Src/MY_NRF24.o
 .bss.dynamic_payloads_enabled
                0x00000000200000a3        0x1 ./Core/Src/MY_NRF24.o
 .bss.wide_band
                0x00000000200000a4        0x1 ./Core/Src/MY_NRF24.o
 *fill*         0x00000000200000a5        0x3 
 .bss.nrf24_PORT
                0x00000000200000a8        0x4 ./Core/Src/MY_NRF24.o
 .bss.nrf24_CSN_PIN
                0x00000000200000ac        0x2 ./Core/Src/MY_NRF24.o
 .bss.nrf24_CE_PIN
                0x00000000200000ae        0x2 ./Core/Src/MY_NRF24.o
 .bss.nrf24_hspi
                0x00000000200000b0       0x58 ./Core/Src/MY_NRF24.o
 .bss.nrf24_huart
                0x0000000020000108       0x44 ./Core/Src/MY_NRF24.o
 .bss.rx_buffer1
                0x000000002000014c       0x48 ./Core/Src/UartRingbuffer_multi.o
                0x000000002000014c                rx_buffer1
 .bss.tx_buffer1
                0x0000000020000194       0x48 ./Core/Src/UartRingbuffer_multi.o
                0x0000000020000194                tx_buffer1
 .bss.rx_buffer2
                0x00000000200001dc       0x48 ./Core/Src/UartRingbuffer_multi.o
                0x00000000200001dc                rx_buffer2
 .bss.tx_buffer2
                0x0000000020000224       0x48 ./Core/Src/UartRingbuffer_multi.o
                0x0000000020000224                tx_buffer2
 .bss.xIdleTaskTCBBuffer
                0x000000002000026c       0xb4 ./Core/Src/freertos.o
 .bss.xIdleStack
                0x0000000020000320      0x200 ./Core/Src/freertos.o
 .bss.__sbrk_heap_end
                0x0000000020000520        0x4 ./Core/Src/sysmem.o
 .bss.pxCurrentTCB
                0x0000000020000524        0x4 ./Middlewares/Third_Party/FreeRTOS/Source/tasks.o
                0x0000000020000524                pxCurrentTCB
 .bss.pxReadyTasksLists
                0x0000000020000528       0x8c ./Middlewares/Third_Party/FreeRTOS/Source/tasks.o
 .bss.xDelayedTaskList1
                0x00000000200005b4       0x14 ./Middlewares/Third_Party/FreeRTOS/Source/tasks.o
 .bss.xDelayedTaskList2
                0x00000000200005c8       0x14 ./Middlewares/Third_Party/FreeRTOS/Source/tasks.o
 .bss.pxDelayedTaskList
                0x00000000200005dc        0x4 ./Middlewares/Third_Party/FreeRTOS/Source/tasks.o
 .bss.pxOverflowDelayedTaskList
                0x00000000200005e0        0x4 ./Middlewares/Third_Party/FreeRTOS/Source/tasks.o
 .bss.xPendingReadyList
                0x00000000200005e4       0x14 ./Middlewares/Third_Party/FreeRTOS/Source/tasks.o
 .bss.xTasksWaitingTermination
                0x00000000200005f8       0x14 ./Middlewares/Third_Party/FreeRTOS/Source/tasks.o
 .bss.uxDeletedTasksWaitingCleanUp
                0x000000002000060c        0x4 ./Middlewares/Third_Party/FreeRTOS/Source/tasks.o
 .bss.xSuspendedTaskList
                0x0000000020000610       0x14 ./Middlewares/Third_Party/FreeRTOS/Source/tasks.o
 .bss.uxCurrentNumberOfTasks
                0x0000000020000624        0x4 ./Middlewares/Third_Party/FreeRTOS/Source/tasks.o
 .bss.xTickCount
                0x0000000020000628        0x4 ./Middlewares/Third_Party/FreeRTOS/Source/tasks.o
 .bss.uxTopReadyPriority
                0x000000002000062c        0x4 ./Middlewares/Third_Party/FreeRTOS/Source/tasks.o
 .bss.xSchedulerRunning
                0x0000000020000630        0x4 ./Middlewares/Third_Party/FreeRTOS/Source/tasks.o
 .bss.xPendedTicks
                0x0000000020000634        0x4 ./Middlewares/Third_Party/FreeRTOS/Source/tasks.o
 .bss.xYieldPending
                0x0000000020000638        0x4 ./Middlewares/Third_Party/FreeRTOS/Source/tasks.o
 .bss.xNumOfOverflows
                0x000000002000063c        0x4 ./Middlewares/Third_Party/FreeRTOS/Source/tasks.o
 .bss.uxTaskNumber
                0x0000000020000640        0x4 ./Middlewares/Third_Party/FreeRTOS/Source/tasks.o
 .bss.xNextTaskUnblockTime
                0x0000000020000644        0x4 ./Middlewares/Third_Party/FreeRTOS/Source/tasks.o
 .bss.xIdleTaskHandle
                0x0000000020000648        0x4 ./Middlewares/Third_Party/FreeRTOS/Source/tasks.o
 .bss.uxSchedulerSuspended
                0x000000002000064c        0x4 ./Middlewares/Third_Party/FreeRTOS/Source/tasks.o
 .bss.ucMaxSysCallPriority
                0x0000000020000650        0x1 ./Middlewares/Third_Party/FreeRTOS/Source/portable/GCC/ARM_CM4F/port.o
 *fill*         0x0000000020000651        0x3 
 .bss.ulMaxPRIGROUPValue
                0x0000000020000654        0x4 ./Middlewares/Third_Party/FreeRTOS/Source/portable/GCC/ARM_CM4F/port.o
 .bss.ucHeap    0x0000000020000658     0x3c00 ./Middlewares/Third_Party/FreeRTOS/Source/portable/MemMang/heap_4.o
 .bss.xStart    0x0000000020004258        0x8 ./Middlewares/Third_Party/FreeRTOS/Source/portable/MemMang/heap_4.o
 .bss.pxEnd     0x0000000020004260        0x4 ./Middlewares/Third_Party/FreeRTOS/Source/portable/MemMang/heap_4.o
 .bss.xFreeBytesRemaining
                0x0000000020004264        0x4 ./Middlewares/Third_Party/FreeRTOS/Source/portable/MemMang/heap_4.o
 .bss.xMinimumEverFreeBytesRemaining
                0x0000000020004268        0x4 ./Middlewares/Third_Party/FreeRTOS/Source/portable/MemMang/heap_4.o
 .bss.xNumberOfSuccessfulAllocations
                0x000000002000426c        0x4 ./Middlewares/Third_Party/FreeRTOS/Source/portable/MemMang/heap_4.o
 .bss.xNumberOfSuccessfulFrees
                0x0000000020004270        0x4 ./Middlewares/Third_Party/FreeRTOS/Source/portable/MemMang/heap_4.o
 .bss.xBlockAllocatedBit
                0x0000000020004274        0x4 ./Middlewares/Third_Party/FreeRTOS/Source/portable/MemMang/heap_4.o
 .bss.__malloc_free_list
                0x0000000020004278        0x4 c:/st/stm32cubeide_1.7.0/stm32cubeide/plugins/com.st.stm32cube.ide.mcu.externaltools.gnu-tools-for-stm32.9-2020-q2-update.win32_2.0.0.202105311346/tools/bin/../lib/gcc/arm-none-eabi/9.3.1/../../../../arm-none-eabi/lib/thumb/v7e-m+fp/hard\libc_nano.a(lib_a-nano-mallocr.o)
                0x0000000020004278                __malloc_free_list
 .bss.__malloc_sbrk_start
                0x000000002000427c        0x4 c:/st/stm32cubeide_1.7.0/stm32cubeide/plugins/com.st.stm32cube.ide.mcu.externaltools.gnu-tools-for-stm32.9-2020-q2-update.win32_2.0.0.202105311346/tools/bin/../lib/gcc/arm-none-eabi/9.3.1/../../../../arm-none-eabi/lib/thumb/v7e-m+fp/hard\libc_nano.a(lib_a-nano-mallocr.o)
                0x000000002000427c                __malloc_sbrk_start
 *(COMMON)
 COMMON         0x0000000020004280       0x30 ./Core/Src/UartRingbuffer_multi.o
                0x0000000020004280                ReceivertaskNRF_handler
                0x0000000020004284                simpleQueue4
                0x0000000020004288                _tx_buffer2
                0x000000002000428c                simpleQueue3
                0x0000000020004290                _rx_buffer1
                0x0000000020004294                SendertaskHC12_handler
                0x0000000020004298                simpleQueue
                0x000000002000429c                SendertaskNRF_handler
                0x00000000200042a0                _tx_buffer1
                0x00000000200042a4                ReceivertaskHC12_handler
                0x00000000200042a8                simpleQueue2
                0x00000000200042ac                _rx_buffer2
 COMMON         0x00000000200042b0       0xf0 ./Core/Src/main.o
                0x00000000200042b0                hcrc
                0x00000000200042b8                BinarySemHandle
                0x00000000200042bc                huart1
                0x0000000020004300                taskUartPcHandle
                0x0000000020004304                hspi1
                0x000000002000435c                huart2