main.c:86:6:initNRF	104	static
main.c:97:6:Tx_Adding_CRC	32	static
main.c:114:10:extractCrc	24	static
main.c:122:6:extractData	24	static
main.c:134:5:main	80	static
main.c:251:6:SystemClock_Config	88	static
main.c:291:13:MX_CRC_Init	8	static
main.c:317:13:MX_SPI1_Init	8	static
main.c:355:13:MX_USART1_UART_Init	8	static
main.c:388:13:MX_USART2_UART_Init	8	static
main.c:421:13:MX_GPIO_Init	40	static
main.c:456:6:HAL_TIM_PeriodElapsedCallback	16	static
main.c:473:6:Error_Handler	4	static,ignoring_inline_asm
