main.c:86:6:initNRF	104	static
main.c:97:6:Tx_Adding_CRC	32	static
main.c:114:10:extractCrc	24	static
main.c:122:6:extractData	24	static
main.c:134:5:main	80	static
main.c:252:6:SystemClock_Config	88	static
main.c:292:13:MX_CRC_Init	8	static
main.c:318:13:MX_SPI1_Init	8	static
main.c:356:13:MX_USART1_UART_Init	8	static
main.c:389:13:MX_USART2_UART_Init	8	static
main.c:422:13:MX_GPIO_Init	40	static
main.c:457:6:HAL_TIM_PeriodElapsedCallback	16	static
main.c:474:6:Error_Handler	4	static,ignoring_inline_asm
